#
# There is insufficient memory for the Java Runtime Environment to continue.
# Native memory allocation (malloc) failed to allocate 1673952 bytes. Error detail: Chunk::new
# Possible reasons:
#   The system is out of physical RAM or swap space
#   This process is running with CompressedOops enabled, and the Java Heap may be blocking the growth of the native heap
# Possible solutions:
#   Reduce memory load on the system
#   Increase physical memory or swap space
#   Check if swap backing store is full
#   Decrease Java heap size (-Xmx/-Xms)
#   Decrease number of Java threads
#   Decrease Java thread stack sizes (-Xss)
#   Set larger code cache with -XX:ReservedCodeCacheSize=
#   JVM is running with Unscaled Compressed Oops mode in which the Java heap is
#     placed in the first 4GB address space. The Java Heap base address is the
#     maximum limit for the native heap growth. Please use -XX:HeapBaseMinAddress
#     to set the Java Heap base and to place the Java Heap above 4GB virtual address.
# This output file may be truncated or incomplete.
#
#  Out of Memory Error (arena.cpp:168), pid=15800, tid=89424
#
# JRE version: OpenJDK Runtime Environment Temurin-21.0.7+6 (21.0.7+6) (build 21.0.7+6-LTS)
# Java VM: OpenJDK 64-Bit Server VM Temurin-21.0.7+6 (21.0.7+6-LTS, mixed mode, sharing, tiered, compressed oops, compressed class ptrs, g1 gc, windows-amd64)
# No core dump will be written. Minidumps are not enabled by default on client versions of Windows
#

---------------  S U M M A R Y ------------

Command Line: -Dmaven.home=EMBEDDED -Dclassworlds.conf=C:\Users\Aditya Mandal\eclipse-workspace\.metadata\.plugins\org.eclipse.m2e.launching\launches\m2conf8066076894975377659.tmp -Dmaven.multiModuleProjectDirectory=C:\Users\Aditya Mandal\Downloads\SeleniumCucumberBDDFramework -Dm2e.build.project.data.socket.port=63106 -Dfile.encoding=UTF-8 -Dstdout.encoding=UTF-8 -Dstderr.encoding=UTF-8 -XX:+ShowCodeDetailsInExceptionMessages org.codehaus.plexus.classworlds.launcher.Launcher -B -Dstyle.color=always -U compile

Host: 12th Gen Intel(R) Core(TM) i5-1235U, 12 cores, 7G,  Windows 11 , 64 bit Build 26100 (10.0.26100.7623)
Time: Sun Feb 15 15:03:59 2026 India Standard Time elapsed time: 16.029018 seconds (0d 0h 0m 16s)

---------------  T H R E A D  ---------------

Current thread (0x000002d7e29825d0):  JavaThread "C2 CompilerThread0" daemon [_thread_in_native, id=89424, stack(0x000000e1d2000000,0x000000e1d2100000) (1024K)]


Current CompileTask:
C2:16029 4473   !   4       org.codehaus.plexus.interpolation.StringSearchInterpolator::interpolate (668 bytes)

Stack: [0x000000e1d2000000,0x000000e1d2100000]
Native frames: (J=compiled Java code, j=interpreted, Vv=VM code, C=native code)
V  [jvm.dll+0x6ce119]
V  [jvm.dll+0x8a84a1]
V  [jvm.dll+0x8aa9ce]
V  [jvm.dll+0x8ab0b3]
V  [jvm.dll+0x27f8a6]
V  [jvm.dll+0xc507d]
V  [jvm.dll+0xc55b3]
V  [jvm.dll+0x3b692c]
V  [jvm.dll+0x1e0029]
V  [jvm.dll+0x247c42]
V  [jvm.dll+0x2470cf]
V  [jvm.dll+0x1c760e]
V  [jvm.dll+0x25695a]
V  [jvm.dll+0x254efa]
V  [jvm.dll+0x3f03f6]
V  [jvm.dll+0x851f6b]
V  [jvm.dll+0x6cc7dd]
C  [ucrtbase.dll+0x37b0]
C  [KERNEL32.DLL+0x2e8d7]
C  [ntdll.dll+0x8c53c]


---------------  P R O C E S S  ---------------

Threads class SMR info:
_java_thread_list=0x000002d7e2b22eb0, length=11, elements={
0x000002d7c82524e0, 0x000002d7e2971af0, 0x000002d7e2972540, 0x000002d7e297a450,
0x000002d7e297aea0, 0x000002d7e297edf0, 0x000002d7e297f840, 0x000002d7e29825d0,
0x000002d7e29ae820, 0x000002d7e2ad1f60, 0x000002d7e2ad4ba0
}

Java Threads: ( => current thread )
  0x000002d7c82524e0 JavaThread "main"                              [_thread_in_native, id=87728, stack(0x000000e1d1200000,0x000000e1d1300000) (1024K)]
  0x000002d7e2971af0 JavaThread "Reference Handler"          daemon [_thread_blocked, id=102888, stack(0x000000e1d1a00000,0x000000e1d1b00000) (1024K)]
  0x000002d7e2972540 JavaThread "Finalizer"                  daemon [_thread_blocked, id=34596, stack(0x000000e1d1b00000,0x000000e1d1c00000) (1024K)]
  0x000002d7e297a450 JavaThread "Signal Dispatcher"          daemon [_thread_blocked, id=99716, stack(0x000000e1d1c00000,0x000000e1d1d00000) (1024K)]
  0x000002d7e297aea0 JavaThread "Attach Listener"            daemon [_thread_blocked, id=97424, stack(0x000000e1d1d00000,0x000000e1d1e00000) (1024K)]
  0x000002d7e297edf0 JavaThread "Service Thread"             daemon [_thread_blocked, id=103372, stack(0x000000e1d1e00000,0x000000e1d1f00000) (1024K)]
  0x000002d7e297f840 JavaThread "Monitor Deflation Thread"   daemon [_thread_blocked, id=43844, stack(0x000000e1d1f00000,0x000000e1d2000000) (1024K)]
=>0x000002d7e29825d0 JavaThread "C2 CompilerThread0"         daemon [_thread_in_native, id=89424, stack(0x000000e1d2000000,0x000000e1d2100000) (1024K)]
  0x000002d7e29ae820 JavaThread "C1 CompilerThread0"         daemon [_thread_blocked, id=71888, stack(0x000000e1d2100000,0x000000e1d2200000) (1024K)]
  0x000002d7e2ad1f60 JavaThread "Notification Thread"        daemon [_thread_blocked, id=103040, stack(0x000000e1d2200000,0x000000e1d2300000) (1024K)]
  0x000002d7e2ad4ba0 JavaThread "Common-Cleaner"             daemon [_thread_blocked, id=98168, stack(0x000000e1d2300000,0x000000e1d2400000) (1024K)]
Total: 11

Other Threads:
  0x000002d7e2953020 VMThread "VM Thread"                           [id=74712, stack(0x000000e1d1900000,0x000000e1d1a00000) (1024K)]
  0x000002d7e2940250 WatcherThread "VM Periodic Task Thread"        [id=101768, stack(0x000000e1d1800000,0x000000e1d1900000) (1024K)]
  0x000002d7ca7cea20 WorkerThread "GC Thread#0"                     [id=89160, stack(0x000000e1d1300000,0x000000e1d1400000) (1024K)]
  0x000002d7e77fec30 WorkerThread "GC Thread#1"                     [id=100300, stack(0x000000e1d2400000,0x000000e1d2500000) (1024K)]
  0x000002d7e77e8fe0 WorkerThread "GC Thread#2"                     [id=101888, stack(0x000000e1d2500000,0x000000e1d2600000) (1024K)]
  0x000002d7e77e9790 WorkerThread "GC Thread#3"                     [id=103024, stack(0x000000e1d2600000,0x000000e1d2700000) (1024K)]
  0x000002d7e77edb40 WorkerThread "GC Thread#4"                     [id=100836, stack(0x000000e1d2700000,0x000000e1d2800000) (1024K)]
  0x000002d7e77edee0 WorkerThread "GC Thread#5"                     [id=88148, stack(0x000000e1d2800000,0x000000e1d2900000) (1024K)]
  0x000002d7e77f2290 WorkerThread "GC Thread#6"                     [id=99584, stack(0x000000e1d2900000,0x000000e1d2a00000) (1024K)]
  0x000002d7e77f2630 WorkerThread "GC Thread#7"                     [id=88324, stack(0x000000e1d2a00000,0x000000e1d2b00000) (1024K)]
  0x000002d7e77f33f0 WorkerThread "GC Thread#8"                     [id=93984, stack(0x000000e1d2b00000,0x000000e1d2c00000) (1024K)]
  0x000002d7e77f3b80 WorkerThread "GC Thread#9"                     [id=102600, stack(0x000000e1d2c00000,0x000000e1d2d00000) (1024K)]
  0x000002d7ca7dfdd0 ConcurrentGCThread "G1 Main Marker"            [id=81596, stack(0x000000e1d1400000,0x000000e1d1500000) (1024K)]
  0x000002d7ca7e3ba0 WorkerThread "G1 Conc#0"                       [id=25116, stack(0x000000e1d1500000,0x000000e1d1600000) (1024K)]
  0x000002d7e2809130 ConcurrentGCThread "G1 Refine#0"               [id=97612, stack(0x000000e1d1600000,0x000000e1d1700000) (1024K)]
  0x000002d7e280a960 ConcurrentGCThread "G1 Service"                [id=97972, stack(0x000000e1d1700000,0x000000e1d1800000) (1024K)]
Total: 16

Threads with active compile tasks:
C2 CompilerThread0  16082 4473   !   4       org.codehaus.plexus.interpolation.StringSearchInterpolator::interpolate (668 bytes)
Total: 1

VM state: not at safepoint (normal execution)

VM Mutex/Monitor currently owned by a thread: None

Heap address: 0x0000000084e00000, size: 1970 MB, Compressed Oops mode: 32-bit

CDS archive(s) mapped at: [0x000002d780000000-0x000002d780c80000-0x000002d780c80000), size 13107200, SharedBaseAddress: 0x000002d780000000, ArchiveRelocationMode: 1.
Compressed class space mapped at: 0x000002d781000000-0x000002d7c1000000, reserved size: 1073741824
Narrow klass base: 0x000002d780000000, Narrow klass shift: 0, Narrow klass range: 0x100000000

GC Precious Log:
 CardTable entry size: 512
 Card Set container configuration: InlinePtr #cards 5 size 8 Array Of Cards #cards 12 size 40 Howl #buckets 4 coarsen threshold 1843 Howl Bitmap #cards 512 size 80 coarsen threshold 460 Card regions per heap region 1 cards per card region 2048
 CPUs: 12 total, 12 available
 Memory: 7876M
 Large Page Support: Disabled
 NUMA Support: Disabled
 Compressed Oops: Enabled (32-bit)
 Heap Region Size: 1M
 Heap Min Capacity: 8M
 Heap Initial Capacity: 124M
 Heap Max Capacity: 1970M
 Pre-touch: Disabled
 Parallel Workers: 10
 Concurrent Workers: 3
 Concurrent Refinement Workers: 10
 Periodic GC: Disabled

Heap:
 garbage-first heap   total 126976K, used 30426K [0x0000000084e00000, 0x0000000100000000)
  region size 1024K, 27 young (27648K), 7 survivors (7168K)
 Metaspace       used 18979K, committed 19264K, reserved 1114112K
  class space    used 2132K, committed 2240K, reserved 1048576K

Heap Regions: E=young(eden), S=young(survivor), O=old, HS=humongous(starts), HC=humongous(continues), CS=collection set, F=free, TAMS=top-at-mark-start, PB=parsable bottom
|   0|0x0000000084e00000, 0x0000000084f00000, 0x0000000084f00000|100%| O|  |TAMS 0x0000000084e00000| PB 0x0000000084e00000| Untracked 
|   1|0x0000000084f00000, 0x0000000085000000, 0x0000000085000000|100%| O|  |TAMS 0x0000000084f00000| PB 0x0000000084f00000| Untracked 
|   2|0x0000000085000000, 0x0000000085100000, 0x0000000085100000|100%| O|  |TAMS 0x0000000085000000| PB 0x0000000085000000| Untracked 
|   3|0x0000000085100000, 0x0000000085200000, 0x0000000085200000|100%| O|  |TAMS 0x0000000085100000| PB 0x0000000085100000| Untracked 
|   4|0x0000000085200000, 0x0000000085236b60, 0x0000000085300000| 21%| O|  |TAMS 0x0000000085200000| PB 0x0000000085200000| Untracked 
|   5|0x0000000085300000, 0x0000000085300000, 0x0000000085400000|  0%| F|  |TAMS 0x0000000085300000| PB 0x0000000085300000| Untracked 
|   6|0x0000000085400000, 0x0000000085400000, 0x0000000085500000|  0%| F|  |TAMS 0x0000000085400000| PB 0x0000000085400000| Untracked 
|   7|0x0000000085500000, 0x0000000085500000, 0x0000000085600000|  0%| F|  |TAMS 0x0000000085500000| PB 0x0000000085500000| Untracked 
|   8|0x0000000085600000, 0x0000000085600000, 0x0000000085700000|  0%| F|  |TAMS 0x0000000085600000| PB 0x0000000085600000| Untracked 
|   9|0x0000000085700000, 0x0000000085700000, 0x0000000085800000|  0%| F|  |TAMS 0x0000000085700000| PB 0x0000000085700000| Untracked 
|  10|0x0000000085800000, 0x0000000085800000, 0x0000000085900000|  0%| F|  |TAMS 0x0000000085800000| PB 0x0000000085800000| Untracked 
|  11|0x0000000085900000, 0x0000000085900000, 0x0000000085a00000|  0%| F|  |TAMS 0x0000000085900000| PB 0x0000000085900000| Untracked 
|  12|0x0000000085a00000, 0x0000000085a00000, 0x0000000085b00000|  0%| F|  |TAMS 0x0000000085a00000| PB 0x0000000085a00000| Untracked 
|  13|0x0000000085b00000, 0x0000000085b00000, 0x0000000085c00000|  0%| F|  |TAMS 0x0000000085b00000| PB 0x0000000085b00000| Untracked 
|  14|0x0000000085c00000, 0x0000000085c00000, 0x0000000085d00000|  0%| F|  |TAMS 0x0000000085c00000| PB 0x0000000085c00000| Untracked 
|  15|0x0000000085d00000, 0x0000000085d00000, 0x0000000085e00000|  0%| F|  |TAMS 0x0000000085d00000| PB 0x0000000085d00000| Untracked 
|  16|0x0000000085e00000, 0x0000000085e00000, 0x0000000085f00000|  0%| F|  |TAMS 0x0000000085e00000| PB 0x0000000085e00000| Untracked 
|  17|0x0000000085f00000, 0x0000000085f00000, 0x0000000086000000|  0%| F|  |TAMS 0x0000000085f00000| PB 0x0000000085f00000| Untracked 
|  18|0x0000000086000000, 0x0000000086000000, 0x0000000086100000|  0%| F|  |TAMS 0x0000000086000000| PB 0x0000000086000000| Untracked 
|  19|0x0000000086100000, 0x0000000086100000, 0x0000000086200000|  0%| F|  |TAMS 0x0000000086100000| PB 0x0000000086100000| Untracked 
|  20|0x0000000086200000, 0x0000000086200000, 0x0000000086300000|  0%| F|  |TAMS 0x0000000086200000| PB 0x0000000086200000| Untracked 
|  21|0x0000000086300000, 0x0000000086300000, 0x0000000086400000|  0%| F|  |TAMS 0x0000000086300000| PB 0x0000000086300000| Untracked 
|  22|0x0000000086400000, 0x0000000086400000, 0x0000000086500000|  0%| F|  |TAMS 0x0000000086400000| PB 0x0000000086400000| Untracked 
|  23|0x0000000086500000, 0x0000000086500000, 0x0000000086600000|  0%| F|  |TAMS 0x0000000086500000| PB 0x0000000086500000| Untracked 
|  24|0x0000000086600000, 0x0000000086600000, 0x0000000086700000|  0%| F|  |TAMS 0x0000000086600000| PB 0x0000000086600000| Untracked 
|  25|0x0000000086700000, 0x0000000086700000, 0x0000000086800000|  0%| F|  |TAMS 0x0000000086700000| PB 0x0000000086700000| Untracked 
|  26|0x0000000086800000, 0x0000000086800000, 0x0000000086900000|  0%| F|  |TAMS 0x0000000086800000| PB 0x0000000086800000| Untracked 
|  27|0x0000000086900000, 0x0000000086900000, 0x0000000086a00000|  0%| F|  |TAMS 0x0000000086900000| PB 0x0000000086900000| Untracked 
|  28|0x0000000086a00000, 0x0000000086a00000, 0x0000000086b00000|  0%| F|  |TAMS 0x0000000086a00000| PB 0x0000000086a00000| Untracked 
|  29|0x0000000086b00000, 0x0000000086b00000, 0x0000000086c00000|  0%| F|  |TAMS 0x0000000086b00000| PB 0x0000000086b00000| Untracked 
|  30|0x0000000086c00000, 0x0000000086c00000, 0x0000000086d00000|  0%| F|  |TAMS 0x0000000086c00000| PB 0x0000000086c00000| Untracked 
|  31|0x0000000086d00000, 0x0000000086d00000, 0x0000000086e00000|  0%| F|  |TAMS 0x0000000086d00000| PB 0x0000000086d00000| Untracked 
|  32|0x0000000086e00000, 0x0000000086e00000, 0x0000000086f00000|  0%| F|  |TAMS 0x0000000086e00000| PB 0x0000000086e00000| Untracked 
|  33|0x0000000086f00000, 0x0000000086f00000, 0x0000000087000000|  0%| F|  |TAMS 0x0000000086f00000| PB 0x0000000086f00000| Untracked 
|  34|0x0000000087000000, 0x0000000087000000, 0x0000000087100000|  0%| F|  |TAMS 0x0000000087000000| PB 0x0000000087000000| Untracked 
|  35|0x0000000087100000, 0x0000000087100000, 0x0000000087200000|  0%| F|  |TAMS 0x0000000087100000| PB 0x0000000087100000| Untracked 
|  36|0x0000000087200000, 0x0000000087200000, 0x0000000087300000|  0%| F|  |TAMS 0x0000000087200000| PB 0x0000000087200000| Untracked 
|  37|0x0000000087300000, 0x0000000087300000, 0x0000000087400000|  0%| F|  |TAMS 0x0000000087300000| PB 0x0000000087300000| Untracked 
|  38|0x0000000087400000, 0x0000000087400000, 0x0000000087500000|  0%| F|  |TAMS 0x0000000087400000| PB 0x0000000087400000| Untracked 
|  39|0x0000000087500000, 0x0000000087500000, 0x0000000087600000|  0%| F|  |TAMS 0x0000000087500000| PB 0x0000000087500000| Untracked 
|  40|0x0000000087600000, 0x0000000087600000, 0x0000000087700000|  0%| F|  |TAMS 0x0000000087600000| PB 0x0000000087600000| Untracked 
|  41|0x0000000087700000, 0x0000000087700000, 0x0000000087800000|  0%| F|  |TAMS 0x0000000087700000| PB 0x0000000087700000| Untracked 
|  42|0x0000000087800000, 0x0000000087800000, 0x0000000087900000|  0%| F|  |TAMS 0x0000000087800000| PB 0x0000000087800000| Untracked 
|  43|0x0000000087900000, 0x0000000087980000, 0x0000000087a00000| 50%| S|CS|TAMS 0x0000000087900000| PB 0x0000000087900000| Complete 
|  44|0x0000000087a00000, 0x0000000087b00000, 0x0000000087b00000|100%| S|CS|TAMS 0x0000000087a00000| PB 0x0000000087a00000| Complete 
|  45|0x0000000087b00000, 0x0000000087c00000, 0x0000000087c00000|100%| S|CS|TAMS 0x0000000087b00000| PB 0x0000000087b00000| Complete 
|  46|0x0000000087c00000, 0x0000000087d00000, 0x0000000087d00000|100%| S|CS|TAMS 0x0000000087c00000| PB 0x0000000087c00000| Complete 
|  47|0x0000000087d00000, 0x0000000087e00000, 0x0000000087e00000|100%| S|CS|TAMS 0x0000000087d00000| PB 0x0000000087d00000| Complete 
|  48|0x0000000087e00000, 0x0000000087f00000, 0x0000000087f00000|100%| S|CS|TAMS 0x0000000087e00000| PB 0x0000000087e00000| Complete 
|  49|0x0000000087f00000, 0x0000000088000000, 0x0000000088000000|100%| S|CS|TAMS 0x0000000087f00000| PB 0x0000000087f00000| Complete 
|  50|0x0000000088000000, 0x0000000088000000, 0x0000000088100000|  0%| F|  |TAMS 0x0000000088000000| PB 0x0000000088000000| Untracked 
|  51|0x0000000088100000, 0x0000000088100000, 0x0000000088200000|  0%| F|  |TAMS 0x0000000088100000| PB 0x0000000088100000| Untracked 
|  52|0x0000000088200000, 0x0000000088200000, 0x0000000088300000|  0%| F|  |TAMS 0x0000000088200000| PB 0x0000000088200000| Untracked 
|  53|0x0000000088300000, 0x0000000088300000, 0x0000000088400000|  0%| F|  |TAMS 0x0000000088300000| PB 0x0000000088300000| Untracked 
|  54|0x0000000088400000, 0x0000000088400000, 0x0000000088500000|  0%| F|  |TAMS 0x0000000088400000| PB 0x0000000088400000| Untracked 
|  55|0x0000000088500000, 0x0000000088500000, 0x0000000088600000|  0%| F|  |TAMS 0x0000000088500000| PB 0x0000000088500000| Untracked 
|  56|0x0000000088600000, 0x0000000088600000, 0x0000000088700000|  0%| F|  |TAMS 0x0000000088600000| PB 0x0000000088600000| Untracked 
|  57|0x0000000088700000, 0x0000000088700000, 0x0000000088800000|  0%| F|  |TAMS 0x0000000088700000| PB 0x0000000088700000| Untracked 
|  58|0x0000000088800000, 0x0000000088800000, 0x0000000088900000|  0%| F|  |TAMS 0x0000000088800000| PB 0x0000000088800000| Untracked 
|  59|0x0000000088900000, 0x0000000088900000, 0x0000000088a00000|  0%| F|  |TAMS 0x0000000088900000| PB 0x0000000088900000| Untracked 
|  60|0x0000000088a00000, 0x0000000088a00000, 0x0000000088b00000|  0%| F|  |TAMS 0x0000000088a00000| PB 0x0000000088a00000| Untracked 
|  61|0x0000000088b00000, 0x0000000088b00000, 0x0000000088c00000|  0%| F|  |TAMS 0x0000000088b00000| PB 0x0000000088b00000| Untracked 
|  62|0x0000000088c00000, 0x0000000088c00000, 0x0000000088d00000|  0%| F|  |TAMS 0x0000000088c00000| PB 0x0000000088c00000| Untracked 
|  63|0x0000000088d00000, 0x0000000088d00000, 0x0000000088e00000|  0%| F|  |TAMS 0x0000000088d00000| PB 0x0000000088d00000| Untracked 
|  64|0x0000000088e00000, 0x0000000088e00000, 0x0000000088f00000|  0%| F|  |TAMS 0x0000000088e00000| PB 0x0000000088e00000| Untracked 
|  65|0x0000000088f00000, 0x0000000088f00000, 0x0000000089000000|  0%| F|  |TAMS 0x0000000088f00000| PB 0x0000000088f00000| Untracked 
|  66|0x0000000089000000, 0x0000000089000000, 0x0000000089100000|  0%| F|  |TAMS 0x0000000089000000| PB 0x0000000089000000| Untracked 
|  67|0x0000000089100000, 0x0000000089100000, 0x0000000089200000|  0%| F|  |TAMS 0x0000000089100000| PB 0x0000000089100000| Untracked 
|  68|0x0000000089200000, 0x0000000089200000, 0x0000000089300000|  0%| F|  |TAMS 0x0000000089200000| PB 0x0000000089200000| Untracked 
|  69|0x0000000089300000, 0x0000000089300000, 0x0000000089400000|  0%| F|  |TAMS 0x0000000089300000| PB 0x0000000089300000| Untracked 
|  70|0x0000000089400000, 0x0000000089400000, 0x0000000089500000|  0%| F|  |TAMS 0x0000000089400000| PB 0x0000000089400000| Untracked 
|  71|0x0000000089500000, 0x0000000089500000, 0x0000000089600000|  0%| F|  |TAMS 0x0000000089500000| PB 0x0000000089500000| Untracked 
|  72|0x0000000089600000, 0x0000000089600000, 0x0000000089700000|  0%| F|  |TAMS 0x0000000089600000| PB 0x0000000089600000| Untracked 
|  73|0x0000000089700000, 0x0000000089700000, 0x0000000089800000|  0%| F|  |TAMS 0x0000000089700000| PB 0x0000000089700000| Untracked 
|  74|0x0000000089800000, 0x0000000089800000, 0x0000000089900000|  0%| F|  |TAMS 0x0000000089800000| PB 0x0000000089800000| Untracked 
|  75|0x0000000089900000, 0x0000000089900000, 0x0000000089a00000|  0%| F|  |TAMS 0x0000000089900000| PB 0x0000000089900000| Untracked 
|  76|0x0000000089a00000, 0x0000000089a00000, 0x0000000089b00000|  0%| F|  |TAMS 0x0000000089a00000| PB 0x0000000089a00000| Untracked 
|  77|0x0000000089b00000, 0x0000000089b00000, 0x0000000089c00000|  0%| F|  |TAMS 0x0000000089b00000| PB 0x0000000089b00000| Untracked 
|  78|0x0000000089c00000, 0x0000000089c00000, 0x0000000089d00000|  0%| F|  |TAMS 0x0000000089c00000| PB 0x0000000089c00000| Untracked 
|  79|0x0000000089d00000, 0x0000000089d00000, 0x0000000089e00000|  0%| F|  |TAMS 0x0000000089d00000| PB 0x0000000089d00000| Untracked 
|  80|0x0000000089e00000, 0x0000000089e00000, 0x0000000089f00000|  0%| F|  |TAMS 0x0000000089e00000| PB 0x0000000089e00000| Untracked 
|  81|0x0000000089f00000, 0x0000000089f00000, 0x000000008a000000|  0%| F|  |TAMS 0x0000000089f00000| PB 0x0000000089f00000| Untracked 
|  82|0x000000008a000000, 0x000000008a000000, 0x000000008a100000|  0%| F|  |TAMS 0x000000008a000000| PB 0x000000008a000000| Untracked 
|  83|0x000000008a100000, 0x000000008a100000, 0x000000008a200000|  0%| F|  |TAMS 0x000000008a100000| PB 0x000000008a100000| Untracked 
|  84|0x000000008a200000, 0x000000008a200000, 0x000000008a300000|  0%| F|  |TAMS 0x000000008a200000| PB 0x000000008a200000| Untracked 
|  85|0x000000008a300000, 0x000000008a300000, 0x000000008a400000|  0%| F|  |TAMS 0x000000008a300000| PB 0x000000008a300000| Untracked 
|  86|0x000000008a400000, 0x000000008a400000, 0x000000008a500000|  0%| F|  |TAMS 0x000000008a400000| PB 0x000000008a400000| Untracked 
|  87|0x000000008a500000, 0x000000008a500000, 0x000000008a600000|  0%| F|  |TAMS 0x000000008a500000| PB 0x000000008a500000| Untracked 
|  88|0x000000008a600000, 0x000000008a600000, 0x000000008a700000|  0%| F|  |TAMS 0x000000008a600000| PB 0x000000008a600000| Untracked 
|  89|0x000000008a700000, 0x000000008a700000, 0x000000008a800000|  0%| F|  |TAMS 0x000000008a700000| PB 0x000000008a700000| Untracked 
|  90|0x000000008a800000, 0x000000008a800000, 0x000000008a900000|  0%| F|  |TAMS 0x000000008a800000| PB 0x000000008a800000| Untracked 
|  91|0x000000008a900000, 0x000000008a900000, 0x000000008aa00000|  0%| F|  |TAMS 0x000000008a900000| PB 0x000000008a900000| Untracked 
|  92|0x000000008aa00000, 0x000000008aa00000, 0x000000008ab00000|  0%| F|  |TAMS 0x000000008aa00000| PB 0x000000008aa00000| Untracked 
|  93|0x000000008ab00000, 0x000000008ab00000, 0x000000008ac00000|  0%| F|  |TAMS 0x000000008ab00000| PB 0x000000008ab00000| Untracked 
|  94|0x000000008ac00000, 0x000000008ac00000, 0x000000008ad00000|  0%| F|  |TAMS 0x000000008ac00000| PB 0x000000008ac00000| Untracked 
|  95|0x000000008ad00000, 0x000000008ad00000, 0x000000008ae00000|  0%| F|  |TAMS 0x000000008ad00000| PB 0x000000008ad00000| Untracked 
|  96|0x000000008ae00000, 0x000000008ae00000, 0x000000008af00000|  0%| F|  |TAMS 0x000000008ae00000| PB 0x000000008ae00000| Untracked 
|  97|0x000000008af00000, 0x000000008af00000, 0x000000008b000000|  0%| F|  |TAMS 0x000000008af00000| PB 0x000000008af00000| Untracked 
|  98|0x000000008b000000, 0x000000008b000000, 0x000000008b100000|  0%| F|  |TAMS 0x000000008b000000| PB 0x000000008b000000| Untracked 
|  99|0x000000008b100000, 0x000000008b100000, 0x000000008b200000|  0%| F|  |TAMS 0x000000008b100000| PB 0x000000008b100000| Untracked 
| 100|0x000000008b200000, 0x000000008b200000, 0x000000008b300000|  0%| F|  |TAMS 0x000000008b200000| PB 0x000000008b200000| Untracked 
| 101|0x000000008b300000, 0x000000008b300000, 0x000000008b400000|  0%| F|  |TAMS 0x000000008b300000| PB 0x000000008b300000| Untracked 
| 102|0x000000008b400000, 0x000000008b400000, 0x000000008b500000|  0%| F|  |TAMS 0x000000008b400000| PB 0x000000008b400000| Untracked 
| 103|0x000000008b500000, 0x000000008b500000, 0x000000008b600000|  0%| F|  |TAMS 0x000000008b500000| PB 0x000000008b500000| Untracked 
| 104|0x000000008b600000, 0x000000008b700000, 0x000000008b700000|100%| E|  |TAMS 0x000000008b600000| PB 0x000000008b600000| Complete 
| 105|0x000000008b700000, 0x000000008b800000, 0x000000008b800000|100%| E|CS|TAMS 0x000000008b700000| PB 0x000000008b700000| Complete 
| 106|0x000000008b800000, 0x000000008b900000, 0x000000008b900000|100%| E|CS|TAMS 0x000000008b800000| PB 0x000000008b800000| Complete 
| 107|0x000000008b900000, 0x000000008ba00000, 0x000000008ba00000|100%| E|CS|TAMS 0x000000008b900000| PB 0x000000008b900000| Complete 
| 108|0x000000008ba00000, 0x000000008bb00000, 0x000000008bb00000|100%| E|CS|TAMS 0x000000008ba00000| PB 0x000000008ba00000| Complete 
| 109|0x000000008bb00000, 0x000000008bc00000, 0x000000008bc00000|100%| E|CS|TAMS 0x000000008bb00000| PB 0x000000008bb00000| Complete 
| 110|0x000000008bc00000, 0x000000008bd00000, 0x000000008bd00000|100%| E|CS|TAMS 0x000000008bc00000| PB 0x000000008bc00000| Complete 
| 111|0x000000008bd00000, 0x000000008be00000, 0x000000008be00000|100%| E|CS|TAMS 0x000000008bd00000| PB 0x000000008bd00000| Complete 
| 112|0x000000008be00000, 0x000000008bf00000, 0x000000008bf00000|100%| E|CS|TAMS 0x000000008be00000| PB 0x000000008be00000| Complete 
| 113|0x000000008bf00000, 0x000000008c000000, 0x000000008c000000|100%| E|CS|TAMS 0x000000008bf00000| PB 0x000000008bf00000| Complete 
| 114|0x000000008c000000, 0x000000008c100000, 0x000000008c100000|100%| E|CS|TAMS 0x000000008c000000| PB 0x000000008c000000| Complete 
| 115|0x000000008c100000, 0x000000008c200000, 0x000000008c200000|100%| E|CS|TAMS 0x000000008c100000| PB 0x000000008c100000| Complete 
| 116|0x000000008c200000, 0x000000008c300000, 0x000000008c300000|100%| E|CS|TAMS 0x000000008c200000| PB 0x000000008c200000| Complete 
| 117|0x000000008c300000, 0x000000008c400000, 0x000000008c400000|100%| E|CS|TAMS 0x000000008c300000| PB 0x000000008c300000| Complete 
| 118|0x000000008c400000, 0x000000008c500000, 0x000000008c500000|100%| E|CS|TAMS 0x000000008c400000| PB 0x000000008c400000| Complete 
| 119|0x000000008c500000, 0x000000008c600000, 0x000000008c600000|100%| E|CS|TAMS 0x000000008c500000| PB 0x000000008c500000| Complete 
| 120|0x000000008c600000, 0x000000008c700000, 0x000000008c700000|100%| E|CS|TAMS 0x000000008c600000| PB 0x000000008c600000| Complete 
| 121|0x000000008c700000, 0x000000008c800000, 0x000000008c800000|100%| E|CS|TAMS 0x000000008c700000| PB 0x000000008c700000| Complete 
| 122|0x000000008c800000, 0x000000008c900000, 0x000000008c900000|100%| E|CS|TAMS 0x000000008c800000| PB 0x000000008c800000| Complete 
| 123|0x000000008c900000, 0x000000008ca00000, 0x000000008ca00000|100%| E|CS|TAMS 0x000000008c900000| PB 0x000000008c900000| Complete 

Card table byte_map: [0x000002d7dda60000,0x000002d7dde40000] _byte_map_base: 0x000002d7dd639000

Marking Bits: (CMBitMap*) 0x000002d7ca7cf030
 Bits: [0x000002d7dde40000, 0x000002d7dfd08000)

Polling page: 0x000002d7c8590000

Metaspace:

Usage:
  Non-class:     16.45 MB used.
      Class:      2.08 MB used.
       Both:     18.54 MB used.

Virtual space:
  Non-class space:       64.00 MB reserved,      16.62 MB ( 26%) committed,  1 nodes.
      Class space:        1.00 GB reserved,       2.19 MB ( <1%) committed,  1 nodes.
             Both:        1.06 GB reserved,      18.81 MB (  2%) committed. 

Chunk freelists:
   Non-Class:  15.27 MB
       Class:  13.76 MB
        Both:  29.02 MB

MaxMetaspaceSize: unlimited
CompressedClassSpaceSize: 1.00 GB
Initial GC threshold: 21.00 MB
Current GC threshold: 21.00 MB
CDS: on
 - commit_granule_bytes: 65536.
 - commit_granule_words: 8192.
 - virtual_space_node_default_size: 8388608.
 - enlarge_chunks_in_place: 1.
 - use_allocation_guard: 0.


Internal statistics:

num_allocs_failed_limit: 0.
num_arena_births: 186.
num_arena_deaths: 0.
num_vsnodes_births: 2.
num_vsnodes_deaths: 0.
num_space_committed: 301.
num_space_uncommitted: 0.
num_chunks_returned_to_freelist: 0.
num_chunks_taken_from_freelist: 787.
num_chunk_merges: 0.
num_chunk_splits: 546.
num_chunks_enlarged: 437.
num_inconsistent_stats: 0.

CodeHeap 'non-profiled nmethods': size=120000Kb used=2048Kb max_used=2048Kb free=117951Kb
 bounds [0x000002d7d5bf0000, 0x000002d7d5e60000, 0x000002d7dd120000]
CodeHeap 'profiled nmethods': size=120000Kb used=9223Kb max_used=9223Kb free=110776Kb
 bounds [0x000002d7ce120000, 0x000002d7cea30000, 0x000002d7d5650000]
CodeHeap 'non-nmethods': size=5760Kb used=1427Kb max_used=1463Kb free=4332Kb
 bounds [0x000002d7d5650000, 0x000002d7d58c0000, 0x000002d7d5bf0000]
 total_blobs=5009 nmethods=4493 adapters=420
 compilation: enabled
              stopped_count=0, restarted_count=0
 full_count=0

Compilation events (20 events):
Event: 14.816 Thread 0x000002d7e29ae820 4484       1       org.apache.maven.model.MailingList::setArchive (6 bytes)
Event: 14.816 Thread 0x000002d7e29ae820 nmethod 4484 0x000002d7d5defd10 code [0x000002d7d5defea0, 0x000002d7d5deffb0]
Event: 14.817 Thread 0x000002d7e29ae820 4485       3       org.apache.maven.model.io.xpp3.MavenXpp3Reader::parseProfile (722 bytes)
Event: 14.822 Thread 0x000002d7e29ae820 nmethod 4485 0x000002d7cea12390 code [0x000002d7cea12c60, 0x000002d7cea17640]
Event: 14.894 Thread 0x000002d7e29ae820 4486       3       org.apache.maven.repository.internal.DefaultModelCache$Key::<init> (96 bytes)
Event: 14.895 Thread 0x000002d7e29ae820 nmethod 4486 0x000002d7cea18c90 code [0x000002d7cea18e80, 0x000002d7cea19288]
Event: 14.976 Thread 0x000002d7e29ae820 4487       3       org.apache.maven.model.inheritance.DefaultInheritanceAssembler$InheritanceModelMerger::extrapolateChildUrl (59 bytes)
Event: 14.977 Thread 0x000002d7e29ae820 nmethod 4487 0x000002d7cea19490 code [0x000002d7cea196a0, 0x000002d7cea19c80]
Event: 14.977 Thread 0x000002d7e29ae820 4489       3       org.apache.maven.model.interpolation.StringVisitorModelInterpolator$ModelVisitor::visit (110 bytes)
Event: 14.978 Thread 0x000002d7e29ae820 nmethod 4489 0x000002d7cea19e90 code [0x000002d7cea1a100, 0x000002d7cea1ab48]
Event: 14.978 Thread 0x000002d7e29ae820 4490       3       org.eclipse.aether.repository.RemoteRepository::<init> (443 bytes)
Event: 14.979 Thread 0x000002d7e29ae820 nmethod 4490 0x000002d7cea1ae90 code [0x000002d7cea1b140, 0x000002d7cea1c060]
Event: 14.979 Thread 0x000002d7e29ae820 4488       3       org.apache.maven.model.inheritance.DefaultInheritanceAssembler$InheritanceModelMerger::appendPath (63 bytes)
Event: 14.980 Thread 0x000002d7e29ae820 nmethod 4488 0x000002d7cea1c390 code [0x000002d7cea1c600, 0x000002d7cea1cef0]
Event: 15.000 Thread 0x000002d7e29ae820 4491       3       java.lang.System$2::getEnumConstantsShared (8 bytes)
Event: 15.000 Thread 0x000002d7e29ae820 nmethod 4491 0x000002d7cea1d390 code [0x000002d7cea1d540, 0x000002d7cea1d778]
Event: 15.029 Thread 0x000002d7e29ae820 4492   !   3       org.apache.maven.model.Exclusion::clone (73 bytes)
Event: 15.030 Thread 0x000002d7e29ae820 nmethod 4492 0x000002d7cea1d890 code [0x000002d7cea1db60, 0x000002d7cea1e888]
Event: 15.030 Thread 0x000002d7e29ae820 4493   !   3       org.apache.maven.model.DistributionManagement::clone (145 bytes)
Event: 16.018 Thread 0x000002d7e29ae820 nmethod 4493 0x000002d7cea1ee10 code [0x000002d7cea1f140, 0x000002d7cea20278]

GC Heap History (6 events):
Event: 4.960 GC heap before
{Heap before GC invocations=0 (full 0):
 garbage-first heap   total 126976K, used 22528K [0x0000000084e00000, 0x0000000100000000)
  region size 1024K, 23 young (23552K), 0 survivors (0K)
 Metaspace       used 7464K, committed 7616K, reserved 1114112K
  class space    used 846K, committed 960K, reserved 1048576K
}
Event: 4.975 GC heap after
{Heap after GC invocations=1 (full 0):
 garbage-first heap   total 126976K, used 4256K [0x0000000084e00000, 0x0000000100000000)
  region size 1024K, 3 young (3072K), 3 survivors (3072K)
 Metaspace       used 7464K, committed 7616K, reserved 1114112K
  class space    used 846K, committed 960K, reserved 1048576K
}
Event: 6.092 GC heap before
{Heap before GC invocations=1 (full 0):
 garbage-first heap   total 126976K, used 33952K [0x0000000084e00000, 0x0000000100000000)
  region size 1024K, 32 young (32768K), 3 survivors (3072K)
 Metaspace       used 11256K, committed 11456K, reserved 1114112K
  class space    used 1289K, committed 1408K, reserved 1048576K
}
Event: 6.105 GC heap after
{Heap after GC invocations=2 (full 0):
 garbage-first heap   total 126976K, used 5880K [0x0000000084e00000, 0x0000000100000000)
  region size 1024K, 2 young (2048K), 2 survivors (2048K)
 Metaspace       used 11256K, committed 11456K, reserved 1114112K
  class space    used 1289K, committed 1408K, reserved 1048576K
}
Event: 11.733 GC heap before
{Heap before GC invocations=2 (full 0):
 garbage-first heap   total 126976K, used 79608K [0x0000000084e00000, 0x0000000100000000)
  region size 1024K, 74 young (75776K), 2 survivors (2048K)
 Metaspace       used 18225K, committed 18496K, reserved 1114112K
  class space    used 2067K, committed 2176K, reserved 1048576K
}
Event: 11.756 GC heap after
{Heap after GC invocations=3 (full 0):
 garbage-first heap   total 126976K, used 10970K [0x0000000084e00000, 0x0000000100000000)
  region size 1024K, 7 young (7168K), 7 survivors (7168K)
 Metaspace       used 18225K, committed 18496K, reserved 1114112K
  class space    used 2067K, committed 2176K, reserved 1048576K
}

Dll operation events (9 events):
Event: 0.056 Loaded shared library C:\Users\Aditya Mandal\.p2\pool\plugins\org.eclipse.justj.openjdk.hotspot.jre.full.win32.x86_64_21.0.7.v20250502-0916\jre\bin\java.dll
Event: 0.218 Loaded shared library C:\Users\Aditya Mandal\.p2\pool\plugins\org.eclipse.justj.openjdk.hotspot.jre.full.win32.x86_64_21.0.7.v20250502-0916\jre\bin\zip.dll
Event: 0.384 Loaded shared library C:\Users\Aditya Mandal\.p2\pool\plugins\org.eclipse.justj.openjdk.hotspot.jre.full.win32.x86_64_21.0.7.v20250502-0916\jre\bin\net.dll
Event: 0.396 Loaded shared library C:\Users\Aditya Mandal\.p2\pool\plugins\org.eclipse.justj.openjdk.hotspot.jre.full.win32.x86_64_21.0.7.v20250502-0916\jre\bin\nio.dll
Event: 0.409 Loaded shared library C:\Users\Aditya Mandal\.p2\pool\plugins\org.eclipse.justj.openjdk.hotspot.jre.full.win32.x86_64_21.0.7.v20250502-0916\jre\bin\zip.dll
Event: 2.566 Loaded shared library C:\Users\Aditya Mandal\.p2\pool\plugins\org.eclipse.justj.openjdk.hotspot.jre.full.win32.x86_64_21.0.7.v20250502-0916\jre\bin\jimage.dll
Event: 3.857 Loaded shared library C:\Users\Aditya Mandal\AppData\Local\Temp\jansi-2.4.1-e13725bd2ec4ec94-jansi.dll
Event: 6.393 Loaded shared library C:\Users\Aditya Mandal\.p2\pool\plugins\org.eclipse.justj.openjdk.hotspot.jre.full.win32.x86_64_21.0.7.v20250502-0916\jre\bin\verify.dll
Event: 6.909 Loaded shared library C:\Users\Aditya Mandal\.p2\pool\plugins\org.eclipse.justj.openjdk.hotspot.jre.full.win32.x86_64_21.0.7.v20250502-0916\jre\bin\extnet.dll

Deoptimization events (20 events):
Event: 13.466 Thread 0x000002d7c82524e0 Uncommon trap: trap_request=0xffffff76 fr.pc=0x000002d7d5dd8ec8 relative=0x0000000000000228
Event: 13.466 Thread 0x000002d7c82524e0 Uncommon trap: reason=predicate action=maybe_recompile pc=0x000002d7d5dd8ec8 method=java.util.HashMap.keysToArray([Ljava/lang/Object;)[Ljava/lang/Object; @ 48 c2
Event: 13.466 Thread 0x000002d7c82524e0 DEOPT PACKING pc=0x000002d7d5dd8ec8 sp=0x000000e1d12fc270
Event: 13.466 Thread 0x000002d7c82524e0 DEOPT UNPACKING pc=0x000002d7d56a46a2 sp=0x000000e1d12fc218 mode 2
Event: 14.399 Thread 0x000002d7c82524e0 Uncommon trap: trap_request=0xffffffd6 fr.pc=0x000002d7d5de3398 relative=0x0000000000000458
Event: 14.399 Thread 0x000002d7c82524e0 Uncommon trap: reason=array_check action=maybe_recompile pc=0x000002d7d5de3398 method=java.util.HashMap.keysToArray([Ljava/lang/Object;)[Ljava/lang/Object; @ 62 c2
Event: 14.399 Thread 0x000002d7c82524e0 DEOPT PACKING pc=0x000002d7d5de3398 sp=0x000000e1d12fc950
Event: 14.400 Thread 0x000002d7c82524e0 DEOPT UNPACKING pc=0x000002d7d56a46a2 sp=0x000000e1d12fc8d8 mode 2
Event: 14.400 Thread 0x000002d7c82524e0 Uncommon trap: trap_request=0xffffffd6 fr.pc=0x000002d7d5de3398 relative=0x0000000000000458
Event: 14.400 Thread 0x000002d7c82524e0 Uncommon trap: reason=array_check action=maybe_recompile pc=0x000002d7d5de3398 method=java.util.HashMap.keysToArray([Ljava/lang/Object;)[Ljava/lang/Object; @ 62 c2
Event: 14.400 Thread 0x000002d7c82524e0 DEOPT PACKING pc=0x000002d7d5de3398 sp=0x000000e1d12fc950
Event: 14.400 Thread 0x000002d7c82524e0 DEOPT UNPACKING pc=0x000002d7d56a46a2 sp=0x000000e1d12fc8d8 mode 2
Event: 14.400 Thread 0x000002d7c82524e0 Uncommon trap: trap_request=0xffffffd6 fr.pc=0x000002d7d5de3398 relative=0x0000000000000458
Event: 14.400 Thread 0x000002d7c82524e0 Uncommon trap: reason=array_check action=maybe_recompile pc=0x000002d7d5de3398 method=java.util.HashMap.keysToArray([Ljava/lang/Object;)[Ljava/lang/Object; @ 62 c2
Event: 14.400 Thread 0x000002d7c82524e0 DEOPT PACKING pc=0x000002d7d5de3398 sp=0x000000e1d12fc950
Event: 14.400 Thread 0x000002d7c82524e0 DEOPT UNPACKING pc=0x000002d7d56a46a2 sp=0x000000e1d12fc8d8 mode 2
Event: 14.400 Thread 0x000002d7c82524e0 Uncommon trap: trap_request=0xffffffd6 fr.pc=0x000002d7d5de3398 relative=0x0000000000000458
Event: 14.400 Thread 0x000002d7c82524e0 Uncommon trap: reason=array_check action=maybe_recompile pc=0x000002d7d5de3398 method=java.util.HashMap.keysToArray([Ljava/lang/Object;)[Ljava/lang/Object; @ 62 c2
Event: 14.400 Thread 0x000002d7c82524e0 DEOPT PACKING pc=0x000002d7d5de3398 sp=0x000000e1d12fc950
Event: 14.400 Thread 0x000002d7c82524e0 DEOPT UNPACKING pc=0x000002d7d56a46a2 sp=0x000000e1d12fc8d8 mode 2

Classes loaded (20 events):
Event: 11.829 Loading class java/time/format/DateTimeParseException
Event: 11.830 Loading class java/time/DateTimeException
Event: 11.830 Loading class java/time/DateTimeException done
Event: 11.830 Loading class java/time/format/DateTimeParseException done
Event: 11.831 Loading class java/time/zone/ZoneRulesProvider
Event: 11.831 Loading class java/time/zone/ZoneRulesProvider done
Event: 11.831 Loading class java/time/zone/ZoneRulesProvider$1
Event: 11.831 Loading class java/time/zone/ZoneRulesProvider$1 done
Event: 11.831 Loading class java/time/zone/TzdbZoneRulesProvider
Event: 11.832 Loading class java/time/zone/TzdbZoneRulesProvider done
Event: 11.838 Loading class java/time/zone/Ser
Event: 11.838 Loading class java/io/Externalizable
Event: 11.838 Loading class java/io/Externalizable done
Event: 11.838 Loading class java/time/zone/Ser done
Event: 11.850 Loading class jdk/internal/reflect/MethodHandleBooleanFieldAccessorImpl
Event: 11.852 Loading class jdk/internal/reflect/MethodHandleBooleanFieldAccessorImpl done
Event: 11.882 Loading class java/lang/Character$UnicodeBlock
Event: 11.884 Loading class java/lang/Character$Subset
Event: 11.884 Loading class java/lang/Character$Subset done
Event: 11.886 Loading class java/lang/Character$UnicodeBlock done

Classes unloaded (0 events):
No events

Classes redefined (0 events):
No events

Internal exceptions (20 events):
Event: 6.380 Thread 0x000002d7c82524e0 Exception <a 'java/lang/ExceptionInInitializerError'{0x000000008c3f17e8}> (0x000000008c3f17e8) 
thrown [s\src\hotspot\share\oops\instanceKlass.cpp, line 1220]
Event: 6.439 Thread 0x000002d7c82524e0 Exception <a 'java/lang/NoSuchMethodError'{0x000000008c2ff0c0}: 'long java.lang.invoke.DirectMethodHandle$Holder.invokeStatic(java.lang.Object, java.lang.Object, int)'> (0x000000008c2ff0c0) 
thrown [s\src\hotspot\share\interpreter\linkResolver.cpp, line 773]
Event: 6.443 Thread 0x000002d7c82524e0 Exception <a 'java/lang/NoSuchMethodError'{0x000000008c112a80}: 'java.lang.Object java.lang.invoke.DirectMethodHandle$Holder.invokeStatic(java.lang.Object, java.lang.Object, java.lang.Object, java.lang.Object, int)'> (0x000000008c112a80) 
thrown [s\src\hotspot\share\interpreter\linkResolver.cpp, line 773]
Event: 6.445 Thread 0x000002d7c82524e0 Exception <a 'java/lang/NoSuchMethodError'{0x000000008c11ac58}: 'java.lang.Object java.lang.invoke.DirectMethodHandle$Holder.invokeSpecial(java.lang.Object, java.lang.Object, java.lang.Object, java.lang.Object, long)'> (0x000000008c11ac58) 
thrown [s\src\hotspot\share\interpreter\linkResolver.cpp, line 773]
Event: 6.448 Thread 0x000002d7c82524e0 Exception <a 'java/lang/NoSuchMethodError'{0x000000008c126a58}: 'java.lang.Object java.lang.invoke.DirectMethodHandle$Holder.invokeSpecial(java.lang.Object, java.lang.Object, java.lang.Object, int, java.lang.Object)'> (0x000000008c126a58) 
thrown [s\src\hotspot\share\interpreter\linkResolver.cpp, line 773]
Event: 6.449 Thread 0x000002d7c82524e0 Exception <a 'java/lang/NoSuchMethodError'{0x000000008c12eda8}: 'int java.lang.invoke.DirectMethodHandle$Holder.invokeSpecial(java.lang.Object, java.lang.Object, java.lang.Object, int)'> (0x000000008c12eda8) 
thrown [s\src\hotspot\share\interpreter\linkResolver.cpp, line 773]
Event: 6.455 Thread 0x000002d7c82524e0 Implicit null exception at 0x000002d7d5c9b85a to 0x000002d7d5c9ba54
Event: 6.458 Thread 0x000002d7c82524e0 Exception <a 'java/lang/NoSuchMethodError'{0x000000008c153890}: 'java.lang.Object java.lang.invoke.Invokers$Holder.invokeExact_MT(java.lang.Object, int, java.lang.Object)'> (0x000000008c153890) 
thrown [s\src\hotspot\share\interpreter\linkResolver.cpp, line 773]
Event: 6.851 Thread 0x000002d7c82524e0 Exception <a 'java/lang/NoSuchMethodError'{0x000000008b951978}: 'void java.lang.invoke.Invokers$Holder.invokeExact_MT(java.lang.Object, java.lang.Object, java.lang.Object, java.lang.Object)'> (0x000000008b951978) 
thrown [s\src\hotspot\share\interpreter\linkResolver.cpp, line 773]
Event: 6.881 Thread 0x000002d7c82524e0 Exception <a 'java/lang/NoClassDefFoundError'{0x000000008b9e09c0}: com/google/inject/servlet/ServletModuleTargetVisitor> (0x000000008b9e09c0) 
thrown [s\src\hotspot\share\classfile\systemDictionary.cpp, line 301]
Event: 7.039 Thread 0x000002d7c82524e0 Exception <a 'java/lang/NoSuchMethodError'{0x000000008b7f22c8}: 'java.lang.Object java.lang.invoke.DirectMethodHandle$Holder.invokeStaticInit(java.lang.Object, int, int, int, int)'> (0x000000008b7f22c8) 
thrown [s\src\hotspot\share\interpreter\linkResolver.cpp, line 773]
Event: 7.246 Thread 0x000002d7c82524e0 Exception <a 'java/lang/NoSuchMethodError'{0x000000008b3c7c58}: 'void java.lang.invoke.DirectMethodHandle$Holder.invokeSpecial(java.lang.Object, java.lang.Object, java.lang.Object, java.lang.Object, java.lang.Object)'> (0x000000008b3c7c58) 
thrown [s\src\hotspot\share\interpreter\linkResolver.cpp, line 773]
Event: 7.249 Thread 0x000002d7c82524e0 Exception <a 'java/lang/NoSuchMethodError'{0x000000008b3e6460}: 'java.lang.Object java.lang.invoke.DirectMethodHandle$Holder.invokeVirtual(java.lang.Object, java.lang.Object, java.lang.Object)'> (0x000000008b3e6460) 
thrown [s\src\hotspot\share\interpreter\linkResolver.cpp, line 773]
Event: 7.251 Thread 0x000002d7c82524e0 Exception <a 'java/lang/NoSuchMethodError'{0x000000008b3f3800}: 'void java.lang.invoke.DirectMethodHandle$Holder.invokeSpecial(java.lang.Object, java.lang.Object, java.lang.Object, java.lang.Object, java.lang.Object, java.lang.Object)'> (0x000000008b3f3800) 
thrown [s\src\hotspot\share\interpreter\linkResolver.cpp, line 773]
Event: 7.317 Thread 0x000002d7c82524e0 Exception <a 'java/lang/NoSuchMethodError'{0x000000008b184af0}: 'void java.lang.invoke.DirectMethodHandle$Holder.invokeVirtual(java.lang.Object, java.lang.Object, int)'> (0x000000008b184af0) 
thrown [s\src\hotspot\share\interpreter\linkResolver.cpp, line 773]
Event: 7.318 Thread 0x000002d7c82524e0 Exception <a 'java/lang/NoSuchMethodError'{0x000000008b188900}: 'void java.lang.invoke.DirectMethodHandle$Holder.invokeSpecial(java.lang.Object, java.lang.Object, java.lang.Object, int)'> (0x000000008b188900) 
thrown [s\src\hotspot\share\interpreter\linkResolver.cpp, line 773]
Event: 7.318 Thread 0x000002d7c82524e0 Exception <a 'java/lang/NoSuchMethodError'{0x000000008b18bfe0}: 'void java.lang.invoke.DelegatingMethodHandle$Holder.reinvoke_L(java.lang.Object, java.lang.Object, int)'> (0x000000008b18bfe0) 
thrown [s\src\hotspot\share\interpreter\linkResolver.cpp, line 773]
Event: 10.391 Thread 0x000002d7c82524e0 Exception <a 'java/lang/NoSuchMethodError'{0x000000008881b7f8}: 'java.lang.Object java.lang.invoke.DirectMethodHandle$Holder.newInvokeSpecial(java.lang.Object, java.lang.Object, java.lang.Object, java.lang.Object, java.lang.Object, java.lang.Object, java.lang.Object)'> (0x000000008881b7f8) 
thrown [s\src\hotspot\share\interpreter\linkResolver.cpp, line 773]
Event: 11.799 Thread 0x000002d7c82524e0 Exception <a 'java/lang/NoSuchMethodError'{0x000000008c826af0}: 'int java.lang.invoke.DirectMethodHandle$Holder.invokeVirtual(java.lang.Object, java.lang.Object)'> (0x000000008c826af0) 
thrown [s\src\hotspot\share\interpreter\linkResolver.cpp, line 773]
Event: 11.860 Thread 0x000002d7c82524e0 Exception <a 'java/lang/NoSuchMethodError'{0x000000008c77b418}: 'void java.lang.invoke.Invokers$Holder.invokeExact_MT(java.lang.Object, java.lang.Object, int, java.lang.Object)'> (0x000000008c77b418) 
thrown [s\src\hotspot\share\interpreter\linkResolver.cpp, line 773]

ZGC Phase Switch (0 events):
No events

VM Operations (20 events):
Event: 7.117 Executing VM operation: HandshakeAllThreads (Deoptimize)
Event: 7.117 Executing VM operation: HandshakeAllThreads (Deoptimize) done
Event: 7.242 Executing VM operation: ICBufferFull
Event: 7.242 Executing VM operation: ICBufferFull done
Event: 7.968 Executing VM operation: ICBufferFull
Event: 7.968 Executing VM operation: ICBufferFull done
Event: 8.977 Executing VM operation: ICBufferFull
Event: 8.977 Executing VM operation: ICBufferFull done
Event: 9.979 Executing VM operation: Cleanup
Event: 10.385 Executing VM operation: Cleanup done
Event: 11.397 Executing VM operation: Cleanup
Event: 11.397 Executing VM operation: Cleanup done
Event: 11.733 Executing VM operation: G1CollectForAllocation (G1 Evacuation Pause)
Event: 11.756 Executing VM operation: G1CollectForAllocation (G1 Evacuation Pause) done
Event: 12.766 Executing VM operation: Cleanup
Event: 12.766 Executing VM operation: Cleanup done
Event: 13.779 Executing VM operation: Cleanup
Event: 13.779 Executing VM operation: Cleanup done
Event: 14.789 Executing VM operation: Cleanup
Event: 14.789 Executing VM operation: Cleanup done

Memory protections (0 events):
No events

Nmethod flushes (0 events):
No events

Events (13 events):
Event: 0.159 Thread 0x000002d7c82524e0 Thread added: 0x000002d7c82524e0
Event: 0.240 Thread 0x000002d7c82524e0 Thread added: 0x000002d7e2971af0
Event: 0.242 Thread 0x000002d7c82524e0 Thread added: 0x000002d7e2972540
Event: 0.247 Thread 0x000002d7c82524e0 Thread added: 0x000002d7e297a450
Event: 0.248 Thread 0x000002d7c82524e0 Thread added: 0x000002d7e297aea0
Event: 0.251 Thread 0x000002d7c82524e0 Thread added: 0x000002d7e297edf0
Event: 0.252 Thread 0x000002d7c82524e0 Thread added: 0x000002d7e297f840
Event: 0.252 Thread 0x000002d7c82524e0 Thread added: 0x000002d7e29825d0
Event: 0.258 Thread 0x000002d7c82524e0 Thread added: 0x000002d7e29ae820
Event: 0.346 Thread 0x000002d7c82524e0 Thread added: 0x000002d7e2ad1f60
Event: 0.357 Thread 0x000002d7c82524e0 Thread added: 0x000002d7e2ad4ba0
Event: 2.564 Thread 0x000002d7c82524e0 Thread added: 0x000002d7e70a5660
Event: 2.609 Thread 0x000002d7e70a5660 Thread exited: 0x000002d7e70a5660


Dynamic libraries:
0x00007ff66d0e0000 - 0x00007ff66d0ee000 	C:\Users\Aditya Mandal\.p2\pool\plugins\org.eclipse.justj.openjdk.hotspot.jre.full.win32.x86_64_21.0.7.v20250502-0916\jre\bin\javaw.exe
0x00007ffb80d40000 - 0x00007ffb80fa7000 	C:\WINDOWS\SYSTEM32\ntdll.dll
0x00007ffb7eae0000 - 0x00007ffb7eba9000 	C:\WINDOWS\System32\KERNEL32.DLL
0x00007ffb7e590000 - 0x00007ffb7e97f000 	C:\WINDOWS\System32\KERNELBASE.dll
0x00007ffb7e990000 - 0x00007ffb7eadb000 	C:\WINDOWS\System32\ucrtbase.dll
0x00007ffb6c700000 - 0x00007ffb6c71e000 	C:\Users\Aditya Mandal\.p2\pool\plugins\org.eclipse.justj.openjdk.hotspot.jre.full.win32.x86_64_21.0.7.v20250502-0916\jre\bin\VCRUNTIME140.dll
0x00007ffb56540000 - 0x00007ffb56558000 	C:\Users\Aditya Mandal\.p2\pool\plugins\org.eclipse.justj.openjdk.hotspot.jre.full.win32.x86_64_21.0.7.v20250502-0916\jre\bin\jli.dll
0x00007ffb7f070000 - 0x00007ffb7f235000 	C:\WINDOWS\System32\USER32.dll
0x00007ffb7e070000 - 0x00007ffb7e097000 	C:\WINDOWS\System32\win32u.dll
0x00007ffb7f980000 - 0x00007ffb7f9ab000 	C:\WINDOWS\System32\GDI32.dll
0x00007ffb7df40000 - 0x00007ffb7e06c000 	C:\WINDOWS\System32\gdi32full.dll
0x00007ffb5f310000 - 0x00007ffb5f5a3000 	C:\WINDOWS\WinSxS\amd64_microsoft.windows.common-controls_6595b64144ccf1df_6.0.26100.7309_none_3e05feeae336a044\COMCTL32.dll
0x00007ffb7f6d0000 - 0x00007ffb7f779000 	C:\WINDOWS\System32\msvcrt.dll
0x00007ffb7de90000 - 0x00007ffb7df33000 	C:\WINDOWS\System32\msvcp_win.dll
0x00007ffb7f4a0000 - 0x00007ffb7f4d1000 	C:\WINDOWS\System32\IMM32.DLL
0x00007ffb6b9f0000 - 0x00007ffb6b9fc000 	C:\Users\Aditya Mandal\.p2\pool\plugins\org.eclipse.justj.openjdk.hotspot.jre.full.win32.x86_64_21.0.7.v20250502-0916\jre\bin\vcruntime140_1.dll
0x00007ffb375f0000 - 0x00007ffb3767d000 	C:\Users\Aditya Mandal\.p2\pool\plugins\org.eclipse.justj.openjdk.hotspot.jre.full.win32.x86_64_21.0.7.v20250502-0916\jre\bin\msvcp140.dll
0x00007ffa88c60000 - 0x00007ffa899f0000 	C:\Users\Aditya Mandal\.p2\pool\plugins\org.eclipse.justj.openjdk.hotspot.jre.full.win32.x86_64_21.0.7.v20250502-0916\jre\bin\server\jvm.dll
0x00007ffb7f3e0000 - 0x00007ffb7f494000 	C:\WINDOWS\System32\ADVAPI32.dll
0x00007ffb80290000 - 0x00007ffb80336000 	C:\WINDOWS\System32\sechost.dll
0x00007ffb80770000 - 0x00007ffb80888000 	C:\WINDOWS\System32\RPCRT4.dll
0x00007ffb7f9b0000 - 0x00007ffb7fa24000 	C:\WINDOWS\System32\WS2_32.dll
0x00007ffb7dcf0000 - 0x00007ffb7dd4e000 	C:\WINDOWS\SYSTEM32\POWRPROF.dll
0x00007ffb7b570000 - 0x00007ffb7b5a5000 	C:\WINDOWS\SYSTEM32\WINMM.dll
0x00007ffb6a220000 - 0x00007ffb6a22b000 	C:\WINDOWS\SYSTEM32\VERSION.dll
0x00007ffb7dcd0000 - 0x00007ffb7dce4000 	C:\WINDOWS\SYSTEM32\UMPDC.dll
0x00007ffb7cc40000 - 0x00007ffb7cc5b000 	C:\WINDOWS\SYSTEM32\kernel.appcore.dll
0x00007ffb6c9b0000 - 0x00007ffb6c9ba000 	C:\Users\Aditya Mandal\.p2\pool\plugins\org.eclipse.justj.openjdk.hotspot.jre.full.win32.x86_64_21.0.7.v20250502-0916\jre\bin\jimage.dll
0x00007ffb7b2a0000 - 0x00007ffb7b4e2000 	C:\WINDOWS\SYSTEM32\DBGHELP.DLL
0x00007ffb80950000 - 0x00007ffb80cd6000 	C:\WINDOWS\System32\combase.dll
0x00007ffb801a0000 - 0x00007ffb80276000 	C:\WINDOWS\System32\OLEAUT32.dll
0x00007ffb7b530000 - 0x00007ffb7b56c000 	C:\WINDOWS\SYSTEM32\dbgcore.DLL
0x00007ffb7e4e0000 - 0x00007ffb7e585000 	C:\WINDOWS\System32\bcryptPrimitives.dll
0x00007ffb6bf70000 - 0x00007ffb6bf8f000 	C:\Users\Aditya Mandal\.p2\pool\plugins\org.eclipse.justj.openjdk.hotspot.jre.full.win32.x86_64_21.0.7.v20250502-0916\jre\bin\java.dll
0x00007ffb7fa30000 - 0x00007ffb80183000 	C:\WINDOWS\System32\SHELL32.dll
0x00007ffb7e370000 - 0x00007ffb7e4da000 	C:\WINDOWS\System32\wintypes.dll
0x00007ffb7ba20000 - 0x00007ffb7c27e000 	C:\WINDOWS\SYSTEM32\windows.storage.dll
0x00007ffb7f780000 - 0x00007ffb7f875000 	C:\WINDOWS\System32\SHCORE.dll
0x00007ffb808e0000 - 0x00007ffb80946000 	C:\WINDOWS\System32\shlwapi.dll
0x00007ffb7ddb0000 - 0x00007ffb7ddd9000 	C:\WINDOWS\SYSTEM32\profapi.dll
0x00007ffb6bf00000 - 0x00007ffb6bf18000 	C:\Users\Aditya Mandal\.p2\pool\plugins\org.eclipse.justj.openjdk.hotspot.jre.full.win32.x86_64_21.0.7.v20250502-0916\jre\bin\zip.dll
0x00007ffb6c9a0000 - 0x00007ffb6c9b0000 	C:\Users\Aditya Mandal\.p2\pool\plugins\org.eclipse.justj.openjdk.hotspot.jre.full.win32.x86_64_21.0.7.v20250502-0916\jre\bin\net.dll
0x00007ffb72f60000 - 0x00007ffb73088000 	C:\WINDOWS\SYSTEM32\WINHTTP.dll
0x00007ffb7d1b0000 - 0x00007ffb7d21b000 	C:\WINDOWS\system32\mswsock.dll
0x00007ffb6bac0000 - 0x00007ffb6bad6000 	C:\Users\Aditya Mandal\.p2\pool\plugins\org.eclipse.justj.openjdk.hotspot.jre.full.win32.x86_64_21.0.7.v20250502-0916\jre\bin\nio.dll
0x00007ffb55a00000 - 0x00007ffb55a24000 	C:\Users\Aditya Mandal\AppData\Local\Temp\jansi-2.4.1-e13725bd2ec4ec94-jansi.dll
0x00007ffb6c7f0000 - 0x00007ffb6c800000 	C:\Users\Aditya Mandal\.p2\pool\plugins\org.eclipse.justj.openjdk.hotspot.jre.full.win32.x86_64_21.0.7.v20250502-0916\jre\bin\verify.dll
0x00007ffb7c5c0000 - 0x00007ffb7c5f4000 	C:\WINDOWS\SYSTEM32\IPHLPAPI.DLL
0x00007ffb80280000 - 0x00007ffb8028a000 	C:\WINDOWS\System32\NSI.dll
0x00007ffb63300000 - 0x00007ffb63309000 	C:\Users\Aditya Mandal\.p2\pool\plugins\org.eclipse.justj.openjdk.hotspot.jre.full.win32.x86_64_21.0.7.v20250502-0916\jre\bin\extnet.dll

dbghelp: loaded successfully - version: 4.0.5 - missing functions: none
symbol engine: initialized successfully - sym options: 0x614 - pdb path: .;C:\Users\Aditya Mandal\.p2\pool\plugins\org.eclipse.justj.openjdk.hotspot.jre.full.win32.x86_64_21.0.7.v20250502-0916\jre\bin;C:\WINDOWS\SYSTEM32;C:\WINDOWS\WinSxS\amd64_microsoft.windows.common-controls_6595b64144ccf1df_6.0.26100.7309_none_3e05feeae336a044;C:\Users\Aditya Mandal\.p2\pool\plugins\org.eclipse.justj.openjdk.hotspot.jre.full.win32.x86_64_21.0.7.v20250502-0916\jre\bin\server;C:\Users\Aditya Mandal\AppData\Local\Temp

VM Arguments:
jvm_args: -Dmaven.home=EMBEDDED -Dclassworlds.conf=C:\Users\Aditya Mandal\eclipse-workspace\.metadata\.plugins\org.eclipse.m2e.launching\launches\m2conf8066076894975377659.tmp -Dmaven.multiModuleProjectDirectory=C:\Users\Aditya Mandal\Downloads\SeleniumCucumberBDDFramework -Dm2e.build.project.data.socket.port=63106 -Dfile.encoding=UTF-8 -Dstdout.encoding=UTF-8 -Dstderr.encoding=UTF-8 -XX:+ShowCodeDetailsInExceptionMessages 
java_command: org.codehaus.plexus.classworlds.launcher.Launcher -B -Dstyle.color=always -U compile
java_class_path (initial): C:\Users\Aditya Mandal\.p2\pool\plugins\org.eclipse.m2e.maven.runtime_3.9.900.20250220-2013\jars\plexus-classworlds-2.8.0.jar
Launcher Type: SUN_STANDARD

[Global flags]
     intx CICompilerCount                          = 4                                         {product} {ergonomic}
     uint ConcGCThreads                            = 3                                         {product} {ergonomic}
     uint G1ConcRefinementThreads                  = 10                                        {product} {ergonomic}
   size_t G1HeapRegionSize                         = 1048576                                   {product} {ergonomic}
    uintx GCDrainStackTargetSize                   = 64                                        {product} {ergonomic}
   size_t InitialHeapSize                          = 130023424                                 {product} {ergonomic}
   size_t MarkStackSize                            = 4194304                                   {product} {ergonomic}
   size_t MaxHeapSize                              = 2065694720                                {product} {ergonomic}
   size_t MaxNewSize                               = 1239416832                                {product} {ergonomic}
   size_t MinHeapDeltaBytes                        = 1048576                                   {product} {ergonomic}
   size_t MinHeapSize                              = 8388608                                   {product} {ergonomic}
    uintx NonNMethodCodeHeapSize                   = 5839372                                {pd product} {ergonomic}
    uintx NonProfiledCodeHeapSize                  = 122909434                              {pd product} {ergonomic}
    uintx ProfiledCodeHeapSize                     = 122909434                              {pd product} {ergonomic}
    uintx ReservedCodeCacheSize                    = 251658240                              {pd product} {ergonomic}
     bool SegmentedCodeCache                       = true                                      {product} {ergonomic}
     bool ShowCodeDetailsInExceptionMessages       = true                                   {manageable} {command line}
   size_t SoftMaxHeapSize                          = 2065694720                             {manageable} {ergonomic}
     bool UseCompressedOops                        = true                           {product lp64_product} {ergonomic}
     bool UseG1GC                                  = true                                      {product} {ergonomic}
     bool UseLargePagesIndividualAllocation        = false                                  {pd product} {ergonomic}

Logging:
Log output configuration:
 #0: stdout all=warning uptime,level,tags foldmultilines=false
 #1: stderr all=off uptime,level,tags foldmultilines=false

Environment Variables:
JAVA_HOME=C:\Program Files\Java\jdk-24
PATH=C:/Users/Aditya Mandal/.p2/pool/plugins/org.eclipse.justj.openjdk.hotspot.jre.full.win32.x86_64_21.0.7.v20250502-0916/jre/bin/server;C:/Users/Aditya Mandal/.p2/pool/plugins/org.eclipse.justj.openjdk.hotspot.jre.full.win32.x86_64_21.0.7.v20250502-0916/jre/bin;C:\Program Files\Common Files\Oracle\Java\javapath;C:\WINDOWS\system32;C:\WINDOWS;C:\WINDOWS\System32\Wbem;C:\WINDOWS\System32\WindowsPowerShell\v1.0\;C:\WINDOWS\System32\OpenSSH\;C:\Program Files\dotnet\;C:\Program Files\Git\cmd;C:\Program Files\Java\jdk-24;C:\Program Files\Java\jdk-24\bin;C:\Users\Aditya Mandal\AppData\Local\Microsoft\WindowsApps;C:\Program Files\Java\jdk-24\bin;C:\Program Files\Java\jdk-24;;C:\WINDOWS\System32;
USERNAME=Aditya Mandal
OS=Windows_NT
PROCESSOR_IDENTIFIER=Intel64 Family 6 Model 154 Stepping 4, GenuineIntel
TMP=C:\Users\ADITYA~1\AppData\Local\Temp
TEMP=C:\Users\ADITYA~1\AppData\Local\Temp




Periodic native trim disabled

---------------  S Y S T E M  ---------------

OS:
 Windows 11 , 64 bit Build 26100 (10.0.26100.7623)
OS uptime: 21 days 14:37 hours
Hyper-V role detected

CPU: total 12 (initial active 12) (6 cores per cpu, 2 threads per core) family 6 model 154 stepping 4 microcode 0x437, cx8, cmov, fxsr, ht, mmx, 3dnowpref, sse, sse2, sse3, ssse3, sse4.1, sse4.2, popcnt, lzcnt, tsc, tscinvbit, avx, avx2, aes, erms, clmul, bmi1, bmi2, adx, sha, fma, vzeroupper, clflush, clflushopt, clwb, hv, serialize, rdtscp, rdpid, fsrm, f16c, cet_ibt, cet_ss
Processor Information for the first 12 processors :
  Max Mhz: 1300, Current Mhz: 1300, Mhz Limit: 1300

Memory: 4k page, system-wide physical 7876M (340M free)
TotalPageFile size 20876M (AvailPageFile size 6M)
current process WorkingSet (physical memory assigned to process): 164M, peak: 173M
current process commit charge ("private bytes"): 261M, peak: 266M

vm_info: OpenJDK 64-Bit Server VM (21.0.7+6-LTS) for windows-amd64 JRE (21.0.7+6-LTS), built on 2025-04-15T00:00:00Z by "admin" with MS VC++ 17.7 (VS2022)

END.
