#
# There is insufficient memory for the Java Runtime Environment to continue.
# Native memory allocation (malloc) failed to allocate 1223216 bytes. Error detail: Chunk::new
# Possible reasons:
#   The system is out of physical RAM or swap space
#   This process is running with CompressedOops enabled, and the Java Heap may be blocking the growth of the native heap
# Possible solutions:
#   Reduce memory load on the system
#   Increase physical memory or swap space
#   Check if swap backing store is full
#   Decrease Java heap size (-Xmx/-Xms)
#   Decrease number of Java threads
#   Decrease Java thread stack sizes (-Xss)
#   Set larger code cache with -XX:ReservedCodeCacheSize=
#   JVM is running with Unscaled Compressed Oops mode in which the Java heap is
#     placed in the first 4GB address space. The Java Heap base address is the
#     maximum limit for the native heap growth. Please use -XX:HeapBaseMinAddress
#     to set the Java Heap base and to place the Java Heap above 4GB virtual address.
# This output file may be truncated or incomplete.
#
#  Out of Memory Error (arena.cpp:168), pid=102656, tid=99012
#
# JRE version: OpenJDK Runtime Environment Temurin-21.0.7+6 (21.0.7+6) (build 21.0.7+6-LTS)
# Java VM: OpenJDK 64-Bit Server VM Temurin-21.0.7+6 (21.0.7+6-LTS, mixed mode, sharing, tiered, compressed oops, compressed class ptrs, g1 gc, windows-amd64)
# No core dump will be written. Minidumps are not enabled by default on client versions of Windows
#

---------------  S U M M A R Y ------------

Command Line: -ea -Dfile.encoding=UTF-8 -Dstdout.encoding=UTF-8 -Dstderr.encoding=UTF-8 -XX:+ShowCodeDetailsInExceptionMessages org.testng.remote.RemoteTestNG -serport 52525 -protocol json -d C:\Users\Aditya Mandal\Downloads\SeleniumCucumberBDDFramework\test-output C:\Users\ADITYA~1\AppData\Local\Temp\testng-eclipse--819563635\testng-customsuite.xml

Host: 12th Gen Intel(R) Core(TM) i5-1235U, 12 cores, 7G,  Windows 11 , 64 bit Build 26100 (10.0.26100.7623)
Time: Sun Feb 15 15:14:05 2026 India Standard Time elapsed time: 4.437980 seconds (0d 0h 0m 4s)

---------------  T H R E A D  ---------------

Current thread (0x000001bc2972ff40):  JavaThread "C2 CompilerThread0" daemon [_thread_in_native, id=99012, stack(0x0000001f21100000,0x0000001f21200000) (1024K)]


Current CompileTask:
C2:4438 1453       4       sun.security.ec.ECOperations::setDouble (463 bytes)

Stack: [0x0000001f21100000,0x0000001f21200000]
Native frames: (J=compiled Java code, j=interpreted, Vv=VM code, C=native code)
V  [jvm.dll+0x6ce119]
V  [jvm.dll+0x8a84a1]
V  [jvm.dll+0x8aa9ce]
V  [jvm.dll+0x8ab0b3]
V  [jvm.dll+0x27f8a6]
V  [jvm.dll+0xc507d]
V  [jvm.dll+0xc55b3]
V  [jvm.dll+0x3b68f2]
V  [jvm.dll+0x382aa5]
V  [jvm.dll+0x381f0a]
V  [jvm.dll+0x247af0]
V  [jvm.dll+0x2470cf]
V  [jvm.dll+0x1c760e]
V  [jvm.dll+0x25695a]
V  [jvm.dll+0x254efa]
V  [jvm.dll+0x3f03f6]
V  [jvm.dll+0x851f6b]
V  [jvm.dll+0x6cc7dd]
C  [ucrtbase.dll+0x37b0]
C  [KERNEL32.DLL+0x2e8d7]
C  [ntdll.dll+0x8c53c]


---------------  P R O C E S S  ---------------

Threads class SMR info:
_java_thread_list=0x000001bc6f84b5f0, length=12, elements={
0x000001bc0f03eee0, 0x000001bc294eab40, 0x000001bc294ed1b0, 0x000001bc294f2a80,
0x000001bc294f23f0, 0x000001bc294f51e0, 0x000001bc294f5870, 0x000001bc2972ff40,
0x000001bc29731150, 0x000001bc294f3110, 0x000001bc294f4b50, 0x000001bc294f44c0
}

Java Threads: ( => current thread )
  0x000001bc0f03eee0 JavaThread "main"                              [_thread_in_native, id=83764, stack(0x0000001f20300000,0x0000001f20400000) (1024K)]
  0x000001bc294eab40 JavaThread "Reference Handler"          daemon [_thread_blocked, id=103544, stack(0x0000001f20b00000,0x0000001f20c00000) (1024K)]
  0x000001bc294ed1b0 JavaThread "Finalizer"                  daemon [_thread_blocked, id=103332, stack(0x0000001f20c00000,0x0000001f20d00000) (1024K)]
  0x000001bc294f2a80 JavaThread "Signal Dispatcher"          daemon [_thread_blocked, id=98792, stack(0x0000001f20d00000,0x0000001f20e00000) (1024K)]
  0x000001bc294f23f0 JavaThread "Attach Listener"            daemon [_thread_blocked, id=73688, stack(0x0000001f20e00000,0x0000001f20f00000) (1024K)]
  0x000001bc294f51e0 JavaThread "Service Thread"             daemon [_thread_blocked, id=95264, stack(0x0000001f20f00000,0x0000001f21000000) (1024K)]
  0x000001bc294f5870 JavaThread "Monitor Deflation Thread"   daemon [_thread_blocked, id=8560, stack(0x0000001f21000000,0x0000001f21100000) (1024K)]
=>0x000001bc2972ff40 JavaThread "C2 CompilerThread0"         daemon [_thread_in_native, id=99012, stack(0x0000001f21100000,0x0000001f21200000) (1024K)]
  0x000001bc29731150 JavaThread "C1 CompilerThread0"         daemon [_thread_blocked, id=87984, stack(0x0000001f21200000,0x0000001f21300000) (1024K)]
  0x000001bc294f3110 JavaThread "Notification Thread"        daemon [_thread_blocked, id=101268, stack(0x0000001f21300000,0x0000001f21400000) (1024K)]
  0x000001bc294f4b50 JavaThread "Common-Cleaner"             daemon [_thread_blocked, id=86456, stack(0x0000001f21400000,0x0000001f21500000) (1024K)]
  0x000001bc294f44c0 JavaThread "ReaderThread"                      [_thread_in_native, id=103708, stack(0x0000001f21600000,0x0000001f21700000) (1024K)]
Total: 12

Other Threads:
  0x000001bc294d5940 VMThread "VM Thread"                           [id=95672, stack(0x0000001f20a00000,0x0000001f20b00000) (1024K)]
  0x000001bc294becb0 WatcherThread "VM Periodic Task Thread"        [id=90612, stack(0x0000001f20900000,0x0000001f20a00000) (1024K)]
  0x000001bc1155c1a0 WorkerThread "GC Thread#0"                     [id=97872, stack(0x0000001f20400000,0x0000001f20500000) (1024K)]
  0x000001bc6f97ce90 WorkerThread "GC Thread#1"                     [id=87964, stack(0x0000001f21700000,0x0000001f21800000) (1024K)]
  0x000001bc6f97d230 WorkerThread "GC Thread#2"                     [id=89808, stack(0x0000001f21800000,0x0000001f21900000) (1024K)]
  0x000001bc6f97d5d0 WorkerThread "GC Thread#3"                     [id=87644, stack(0x0000001f21900000,0x0000001f21a00000) (1024K)]
  0x000001bc6f9aca80 WorkerThread "GC Thread#4"                     [id=97612, stack(0x0000001f21a00000,0x0000001f21b00000) (1024K)]
  0x000001bc6f99dec0 WorkerThread "GC Thread#5"                     [id=100480, stack(0x0000001f21b00000,0x0000001f21c00000) (1024K)]
  0x000001bc6f9a12a0 WorkerThread "GC Thread#6"                     [id=82424, stack(0x0000001f21c00000,0x0000001f21d00000) (1024K)]
  0x000001bc6f9a2a70 WorkerThread "GC Thread#7"                     [id=100800, stack(0x0000001f21d00000,0x0000001f21e00000) (1024K)]
  0x000001bc1156c6d0 ConcurrentGCThread "G1 Main Marker"            [id=80772, stack(0x0000001f20500000,0x0000001f20600000) (1024K)]
  0x000001bc1156ef10 WorkerThread "G1 Conc#0"                       [id=104068, stack(0x0000001f20600000,0x0000001f20700000) (1024K)]
  0x000001bc115be900 ConcurrentGCThread "G1 Refine#0"               [id=96316, stack(0x0000001f20700000,0x0000001f20800000) (1024K)]
  0x000001bc29394040 ConcurrentGCThread "G1 Service"                [id=85024, stack(0x0000001f20800000,0x0000001f20900000) (1024K)]
Total: 14

Threads with active compile tasks:
C2 CompilerThread0  4495 1453       4       sun.security.ec.ECOperations::setDouble (463 bytes)
Total: 1

VM state: not at safepoint (normal execution)

VM Mutex/Monitor currently owned by a thread: None

Heap address: 0x0000000084e00000, size: 1970 MB, Compressed Oops mode: 32-bit

CDS archive(s) mapped at: [0x000001bc2a000000-0x000001bc2ac80000-0x000001bc2ac80000), size 13107200, SharedBaseAddress: 0x000001bc2a000000, ArchiveRelocationMode: 1.
Compressed class space mapped at: 0x000001bc2b000000-0x000001bc6b000000, reserved size: 1073741824
Narrow klass base: 0x000001bc2a000000, Narrow klass shift: 0, Narrow klass range: 0x100000000

GC Precious Log:
 CardTable entry size: 512
 Card Set container configuration: InlinePtr #cards 5 size 8 Array Of Cards #cards 12 size 40 Howl #buckets 4 coarsen threshold 1843 Howl Bitmap #cards 512 size 80 coarsen threshold 460 Card regions per heap region 1 cards per card region 2048
 CPUs: 12 total, 12 available
 Memory: 7876M
 Large Page Support: Disabled
 NUMA Support: Disabled
 Compressed Oops: Enabled (32-bit)
 Heap Region Size: 1M
 Heap Min Capacity: 8M
 Heap Initial Capacity: 124M
 Heap Max Capacity: 1970M
 Pre-touch: Disabled
 Parallel Workers: 10
 Concurrent Workers: 3
 Concurrent Refinement Workers: 10
 Periodic GC: Disabled

Heap:
 garbage-first heap   total 126976K, used 14335K [0x0000000084e00000, 0x0000000100000000)
  region size 1024K, 10 young (10240K), 3 survivors (3072K)
 Metaspace       used 10551K, committed 10752K, reserved 1114112K
  class space    used 1116K, committed 1216K, reserved 1048576K

Heap Regions: E=young(eden), S=young(survivor), O=old, HS=humongous(starts), HC=humongous(continues), CS=collection set, F=free, TAMS=top-at-mark-start, PB=parsable bottom
|   0|0x0000000084e00000, 0x0000000084f00000, 0x0000000084f00000|100%|HS|  |TAMS 0x0000000084e00000| PB 0x0000000084e00000| Complete 
|   1|0x0000000084f00000, 0x0000000085000000, 0x0000000085000000|100%|HC|  |TAMS 0x0000000084f00000| PB 0x0000000084f00000| Complete 
|   2|0x0000000085000000, 0x00000000850ffff8, 0x0000000085100000| 99%| O|  |TAMS 0x0000000085000000| PB 0x0000000085000000| Untracked 
|   3|0x0000000085100000, 0x0000000085200000, 0x0000000085200000|100%| O|  |TAMS 0x0000000085100000| PB 0x0000000085100000| Untracked 
|   4|0x0000000085200000, 0x0000000085300000, 0x0000000085300000|100%| O|  |TAMS 0x0000000085200000| PB 0x0000000085200000| Untracked 
|   5|0x0000000085300000, 0x0000000085400000, 0x0000000085400000|100%| O|  |TAMS 0x0000000085300000| PB 0x0000000085300000| Untracked 
|   6|0x0000000085400000, 0x0000000085400000, 0x0000000085500000|  0%| F|  |TAMS 0x0000000085400000| PB 0x0000000085400000| Untracked 
|   7|0x0000000085500000, 0x0000000085500000, 0x0000000085600000|  0%| F|  |TAMS 0x0000000085500000| PB 0x0000000085500000| Untracked 
|   8|0x0000000085600000, 0x0000000085600000, 0x0000000085700000|  0%| F|  |TAMS 0x0000000085600000| PB 0x0000000085600000| Untracked 
|   9|0x0000000085700000, 0x0000000085700000, 0x0000000085800000|  0%| F|  |TAMS 0x0000000085700000| PB 0x0000000085700000| Untracked 
|  10|0x0000000085800000, 0x0000000085800000, 0x0000000085900000|  0%| F|  |TAMS 0x0000000085800000| PB 0x0000000085800000| Untracked 
|  11|0x0000000085900000, 0x0000000085900000, 0x0000000085a00000|  0%| F|  |TAMS 0x0000000085900000| PB 0x0000000085900000| Untracked 
|  12|0x0000000085a00000, 0x0000000085a00000, 0x0000000085b00000|  0%| F|  |TAMS 0x0000000085a00000| PB 0x0000000085a00000| Untracked 
|  13|0x0000000085b00000, 0x0000000085b00000, 0x0000000085c00000|  0%| F|  |TAMS 0x0000000085b00000| PB 0x0000000085b00000| Untracked 
|  14|0x0000000085c00000, 0x0000000085c00000, 0x0000000085d00000|  0%| F|  |TAMS 0x0000000085c00000| PB 0x0000000085c00000| Untracked 
|  15|0x0000000085d00000, 0x0000000085d00000, 0x0000000085e00000|  0%| F|  |TAMS 0x0000000085d00000| PB 0x0000000085d00000| Untracked 
|  16|0x0000000085e00000, 0x0000000085e00000, 0x0000000085f00000|  0%| F|  |TAMS 0x0000000085e00000| PB 0x0000000085e00000| Untracked 
|  17|0x0000000085f00000, 0x0000000085f00000, 0x0000000086000000|  0%| F|  |TAMS 0x0000000085f00000| PB 0x0000000085f00000| Untracked 
|  18|0x0000000086000000, 0x0000000086000000, 0x0000000086100000|  0%| F|  |TAMS 0x0000000086000000| PB 0x0000000086000000| Untracked 
|  19|0x0000000086100000, 0x0000000086100000, 0x0000000086200000|  0%| F|  |TAMS 0x0000000086100000| PB 0x0000000086100000| Untracked 
|  20|0x0000000086200000, 0x0000000086200000, 0x0000000086300000|  0%| F|  |TAMS 0x0000000086200000| PB 0x0000000086200000| Untracked 
|  21|0x0000000086300000, 0x0000000086300000, 0x0000000086400000|  0%| F|  |TAMS 0x0000000086300000| PB 0x0000000086300000| Untracked 
|  22|0x0000000086400000, 0x0000000086400000, 0x0000000086500000|  0%| F|  |TAMS 0x0000000086400000| PB 0x0000000086400000| Untracked 
|  23|0x0000000086500000, 0x0000000086500000, 0x0000000086600000|  0%| F|  |TAMS 0x0000000086500000| PB 0x0000000086500000| Untracked 
|  24|0x0000000086600000, 0x0000000086600000, 0x0000000086700000|  0%| F|  |TAMS 0x0000000086600000| PB 0x0000000086600000| Untracked 
|  25|0x0000000086700000, 0x0000000086700000, 0x0000000086800000|  0%| F|  |TAMS 0x0000000086700000| PB 0x0000000086700000| Untracked 
|  26|0x0000000086800000, 0x0000000086800000, 0x0000000086900000|  0%| F|  |TAMS 0x0000000086800000| PB 0x0000000086800000| Untracked 
|  27|0x0000000086900000, 0x0000000086900000, 0x0000000086a00000|  0%| F|  |TAMS 0x0000000086900000| PB 0x0000000086900000| Untracked 
|  28|0x0000000086a00000, 0x0000000086a00000, 0x0000000086b00000|  0%| F|  |TAMS 0x0000000086a00000| PB 0x0000000086a00000| Untracked 
|  29|0x0000000086b00000, 0x0000000086b00000, 0x0000000086c00000|  0%| F|  |TAMS 0x0000000086b00000| PB 0x0000000086b00000| Untracked 
|  30|0x0000000086c00000, 0x0000000086c00000, 0x0000000086d00000|  0%| F|  |TAMS 0x0000000086c00000| PB 0x0000000086c00000| Untracked 
|  31|0x0000000086d00000, 0x0000000086d00000, 0x0000000086e00000|  0%| F|  |TAMS 0x0000000086d00000| PB 0x0000000086d00000| Untracked 
|  32|0x0000000086e00000, 0x0000000086e00000, 0x0000000086f00000|  0%| F|  |TAMS 0x0000000086e00000| PB 0x0000000086e00000| Untracked 
|  33|0x0000000086f00000, 0x0000000086f00000, 0x0000000087000000|  0%| F|  |TAMS 0x0000000086f00000| PB 0x0000000086f00000| Untracked 
|  34|0x0000000087000000, 0x0000000087000000, 0x0000000087100000|  0%| F|  |TAMS 0x0000000087000000| PB 0x0000000087000000| Untracked 
|  35|0x0000000087100000, 0x0000000087100000, 0x0000000087200000|  0%| F|  |TAMS 0x0000000087100000| PB 0x0000000087100000| Untracked 
|  36|0x0000000087200000, 0x0000000087200000, 0x0000000087300000|  0%| F|  |TAMS 0x0000000087200000| PB 0x0000000087200000| Untracked 
|  37|0x0000000087300000, 0x0000000087300000, 0x0000000087400000|  0%| F|  |TAMS 0x0000000087300000| PB 0x0000000087300000| Untracked 
|  38|0x0000000087400000, 0x0000000087400000, 0x0000000087500000|  0%| F|  |TAMS 0x0000000087400000| PB 0x0000000087400000| Untracked 
|  39|0x0000000087500000, 0x0000000087500000, 0x0000000087600000|  0%| F|  |TAMS 0x0000000087500000| PB 0x0000000087500000| Untracked 
|  40|0x0000000087600000, 0x0000000087600000, 0x0000000087700000|  0%| F|  |TAMS 0x0000000087600000| PB 0x0000000087600000| Untracked 
|  41|0x0000000087700000, 0x0000000087700000, 0x0000000087800000|  0%| F|  |TAMS 0x0000000087700000| PB 0x0000000087700000| Untracked 
|  42|0x0000000087800000, 0x0000000087800000, 0x0000000087900000|  0%| F|  |TAMS 0x0000000087800000| PB 0x0000000087800000| Untracked 
|  43|0x0000000087900000, 0x0000000087900000, 0x0000000087a00000|  0%| F|  |TAMS 0x0000000087900000| PB 0x0000000087900000| Untracked 
|  44|0x0000000087a00000, 0x0000000087a00000, 0x0000000087b00000|  0%| F|  |TAMS 0x0000000087a00000| PB 0x0000000087a00000| Untracked 
|  45|0x0000000087b00000, 0x0000000087b00000, 0x0000000087c00000|  0%| F|  |TAMS 0x0000000087b00000| PB 0x0000000087b00000| Untracked 
|  46|0x0000000087c00000, 0x0000000087c00000, 0x0000000087d00000|  0%| F|  |TAMS 0x0000000087c00000| PB 0x0000000087c00000| Untracked 
|  47|0x0000000087d00000, 0x0000000087d00000, 0x0000000087e00000|  0%| F|  |TAMS 0x0000000087d00000| PB 0x0000000087d00000| Untracked 
|  48|0x0000000087e00000, 0x0000000087e00000, 0x0000000087f00000|  0%| F|  |TAMS 0x0000000087e00000| PB 0x0000000087e00000| Untracked 
|  49|0x0000000087f00000, 0x0000000087f00000, 0x0000000088000000|  0%| F|  |TAMS 0x0000000087f00000| PB 0x0000000087f00000| Untracked 
|  50|0x0000000088000000, 0x0000000088000000, 0x0000000088100000|  0%| F|  |TAMS 0x0000000088000000| PB 0x0000000088000000| Untracked 
|  51|0x0000000088100000, 0x0000000088100000, 0x0000000088200000|  0%| F|  |TAMS 0x0000000088100000| PB 0x0000000088100000| Untracked 
|  52|0x0000000088200000, 0x0000000088200000, 0x0000000088300000|  0%| F|  |TAMS 0x0000000088200000| PB 0x0000000088200000| Untracked 
|  53|0x0000000088300000, 0x0000000088300000, 0x0000000088400000|  0%| F|  |TAMS 0x0000000088300000| PB 0x0000000088300000| Untracked 
|  54|0x0000000088400000, 0x0000000088400000, 0x0000000088500000|  0%| F|  |TAMS 0x0000000088400000| PB 0x0000000088400000| Untracked 
|  55|0x0000000088500000, 0x0000000088500000, 0x0000000088600000|  0%| F|  |TAMS 0x0000000088500000| PB 0x0000000088500000| Untracked 
|  56|0x0000000088600000, 0x0000000088600000, 0x0000000088700000|  0%| F|  |TAMS 0x0000000088600000| PB 0x0000000088600000| Untracked 
|  57|0x0000000088700000, 0x0000000088700000, 0x0000000088800000|  0%| F|  |TAMS 0x0000000088700000| PB 0x0000000088700000| Untracked 
|  58|0x0000000088800000, 0x0000000088800000, 0x0000000088900000|  0%| F|  |TAMS 0x0000000088800000| PB 0x0000000088800000| Untracked 
|  59|0x0000000088900000, 0x0000000088900000, 0x0000000088a00000|  0%| F|  |TAMS 0x0000000088900000| PB 0x0000000088900000| Untracked 
|  60|0x0000000088a00000, 0x0000000088a00000, 0x0000000088b00000|  0%| F|  |TAMS 0x0000000088a00000| PB 0x0000000088a00000| Untracked 
|  61|0x0000000088b00000, 0x0000000088b00000, 0x0000000088c00000|  0%| F|  |TAMS 0x0000000088b00000| PB 0x0000000088b00000| Untracked 
|  62|0x0000000088c00000, 0x0000000088c00000, 0x0000000088d00000|  0%| F|  |TAMS 0x0000000088c00000| PB 0x0000000088c00000| Untracked 
|  63|0x0000000088d00000, 0x0000000088d00000, 0x0000000088e00000|  0%| F|  |TAMS 0x0000000088d00000| PB 0x0000000088d00000| Untracked 
|  64|0x0000000088e00000, 0x0000000088e00000, 0x0000000088f00000|  0%| F|  |TAMS 0x0000000088e00000| PB 0x0000000088e00000| Untracked 
|  65|0x0000000088f00000, 0x0000000088f00000, 0x0000000089000000|  0%| F|  |TAMS 0x0000000088f00000| PB 0x0000000088f00000| Untracked 
|  66|0x0000000089000000, 0x0000000089000000, 0x0000000089100000|  0%| F|  |TAMS 0x0000000089000000| PB 0x0000000089000000| Untracked 
|  67|0x0000000089100000, 0x0000000089100000, 0x0000000089200000|  0%| F|  |TAMS 0x0000000089100000| PB 0x0000000089100000| Untracked 
|  68|0x0000000089200000, 0x0000000089200000, 0x0000000089300000|  0%| F|  |TAMS 0x0000000089200000| PB 0x0000000089200000| Untracked 
|  69|0x0000000089300000, 0x0000000089300000, 0x0000000089400000|  0%| F|  |TAMS 0x0000000089300000| PB 0x0000000089300000| Untracked 
|  70|0x0000000089400000, 0x0000000089400000, 0x0000000089500000|  0%| F|  |TAMS 0x0000000089400000| PB 0x0000000089400000| Untracked 
|  71|0x0000000089500000, 0x0000000089500000, 0x0000000089600000|  0%| F|  |TAMS 0x0000000089500000| PB 0x0000000089500000| Untracked 
|  72|0x0000000089600000, 0x0000000089600000, 0x0000000089700000|  0%| F|  |TAMS 0x0000000089600000| PB 0x0000000089600000| Untracked 
|  73|0x0000000089700000, 0x0000000089700000, 0x0000000089800000|  0%| F|  |TAMS 0x0000000089700000| PB 0x0000000089700000| Untracked 
|  74|0x0000000089800000, 0x0000000089800000, 0x0000000089900000|  0%| F|  |TAMS 0x0000000089800000| PB 0x0000000089800000| Untracked 
|  75|0x0000000089900000, 0x0000000089900000, 0x0000000089a00000|  0%| F|  |TAMS 0x0000000089900000| PB 0x0000000089900000| Untracked 
|  76|0x0000000089a00000, 0x0000000089a00000, 0x0000000089b00000|  0%| F|  |TAMS 0x0000000089a00000| PB 0x0000000089a00000| Untracked 
|  77|0x0000000089b00000, 0x0000000089b00000, 0x0000000089c00000|  0%| F|  |TAMS 0x0000000089b00000| PB 0x0000000089b00000| Untracked 
|  78|0x0000000089c00000, 0x0000000089c00000, 0x0000000089d00000|  0%| F|  |TAMS 0x0000000089c00000| PB 0x0000000089c00000| Untracked 
|  79|0x0000000089d00000, 0x0000000089d00000, 0x0000000089e00000|  0%| F|  |TAMS 0x0000000089d00000| PB 0x0000000089d00000| Untracked 
|  80|0x0000000089e00000, 0x0000000089e00000, 0x0000000089f00000|  0%| F|  |TAMS 0x0000000089e00000| PB 0x0000000089e00000| Untracked 
|  81|0x0000000089f00000, 0x0000000089f00000, 0x000000008a000000|  0%| F|  |TAMS 0x0000000089f00000| PB 0x0000000089f00000| Untracked 
|  82|0x000000008a000000, 0x000000008a000000, 0x000000008a100000|  0%| F|  |TAMS 0x000000008a000000| PB 0x000000008a000000| Untracked 
|  83|0x000000008a100000, 0x000000008a100000, 0x000000008a200000|  0%| F|  |TAMS 0x000000008a100000| PB 0x000000008a100000| Untracked 
|  84|0x000000008a200000, 0x000000008a200000, 0x000000008a300000|  0%| F|  |TAMS 0x000000008a200000| PB 0x000000008a200000| Untracked 
|  85|0x000000008a300000, 0x000000008a300000, 0x000000008a400000|  0%| F|  |TAMS 0x000000008a300000| PB 0x000000008a300000| Untracked 
|  86|0x000000008a400000, 0x000000008a400000, 0x000000008a500000|  0%| F|  |TAMS 0x000000008a400000| PB 0x000000008a400000| Untracked 
|  87|0x000000008a500000, 0x000000008a500000, 0x000000008a600000|  0%| F|  |TAMS 0x000000008a500000| PB 0x000000008a500000| Untracked 
|  88|0x000000008a600000, 0x000000008a600000, 0x000000008a700000|  0%| F|  |TAMS 0x000000008a600000| PB 0x000000008a600000| Untracked 
|  89|0x000000008a700000, 0x000000008a700000, 0x000000008a800000|  0%| F|  |TAMS 0x000000008a700000| PB 0x000000008a700000| Untracked 
|  90|0x000000008a800000, 0x000000008a800000, 0x000000008a900000|  0%| F|  |TAMS 0x000000008a800000| PB 0x000000008a800000| Untracked 
|  91|0x000000008a900000, 0x000000008a900000, 0x000000008aa00000|  0%| F|  |TAMS 0x000000008a900000| PB 0x000000008a900000| Untracked 
|  92|0x000000008aa00000, 0x000000008aa00000, 0x000000008ab00000|  0%| F|  |TAMS 0x000000008aa00000| PB 0x000000008aa00000| Untracked 
|  93|0x000000008ab00000, 0x000000008ab00000, 0x000000008ac00000|  0%| F|  |TAMS 0x000000008ab00000| PB 0x000000008ab00000| Untracked 
|  94|0x000000008ac00000, 0x000000008ac00000, 0x000000008ad00000|  0%| F|  |TAMS 0x000000008ac00000| PB 0x000000008ac00000| Untracked 
|  95|0x000000008ad00000, 0x000000008ad00000, 0x000000008ae00000|  0%| F|  |TAMS 0x000000008ad00000| PB 0x000000008ad00000| Untracked 
|  96|0x000000008ae00000, 0x000000008ae00000, 0x000000008af00000|  0%| F|  |TAMS 0x000000008ae00000| PB 0x000000008ae00000| Untracked 
|  97|0x000000008af00000, 0x000000008af00000, 0x000000008b000000|  0%| F|  |TAMS 0x000000008af00000| PB 0x000000008af00000| Untracked 
|  98|0x000000008b000000, 0x000000008b100000, 0x000000008b100000|100%| S|CS|TAMS 0x000000008b000000| PB 0x000000008b000000| Complete 
|  99|0x000000008b100000, 0x000000008b200000, 0x000000008b200000|100%| S|CS|TAMS 0x000000008b100000| PB 0x000000008b100000| Complete 
| 100|0x000000008b200000, 0x000000008b300000, 0x000000008b300000|100%| S|CS|TAMS 0x000000008b200000| PB 0x000000008b200000| Complete 
| 101|0x000000008b300000, 0x000000008b300000, 0x000000008b400000|  0%| F|  |TAMS 0x000000008b300000| PB 0x000000008b300000| Untracked 
| 102|0x000000008b400000, 0x000000008b400000, 0x000000008b500000|  0%| F|  |TAMS 0x000000008b400000| PB 0x000000008b400000| Untracked 
| 103|0x000000008b500000, 0x000000008b500000, 0x000000008b600000|  0%| F|  |TAMS 0x000000008b500000| PB 0x000000008b500000| Untracked 
| 104|0x000000008b600000, 0x000000008b600000, 0x000000008b700000|  0%| F|  |TAMS 0x000000008b600000| PB 0x000000008b600000| Untracked 
| 105|0x000000008b700000, 0x000000008b700000, 0x000000008b800000|  0%| F|  |TAMS 0x000000008b700000| PB 0x000000008b700000| Untracked 
| 106|0x000000008b800000, 0x000000008b800000, 0x000000008b900000|  0%| F|  |TAMS 0x000000008b800000| PB 0x000000008b800000| Untracked 
| 107|0x000000008b900000, 0x000000008b900000, 0x000000008ba00000|  0%| F|  |TAMS 0x000000008b900000| PB 0x000000008b900000| Untracked 
| 108|0x000000008ba00000, 0x000000008ba00000, 0x000000008bb00000|  0%| F|  |TAMS 0x000000008ba00000| PB 0x000000008ba00000| Untracked 
| 109|0x000000008bb00000, 0x000000008bb00000, 0x000000008bc00000|  0%| F|  |TAMS 0x000000008bb00000| PB 0x000000008bb00000| Untracked 
| 110|0x000000008bc00000, 0x000000008bc00000, 0x000000008bd00000|  0%| F|  |TAMS 0x000000008bc00000| PB 0x000000008bc00000| Untracked 
| 111|0x000000008bd00000, 0x000000008bd00000, 0x000000008be00000|  0%| F|  |TAMS 0x000000008bd00000| PB 0x000000008bd00000| Untracked 
| 112|0x000000008be00000, 0x000000008be00000, 0x000000008bf00000|  0%| F|  |TAMS 0x000000008be00000| PB 0x000000008be00000| Untracked 
| 113|0x000000008bf00000, 0x000000008bf00000, 0x000000008c000000|  0%| F|  |TAMS 0x000000008bf00000| PB 0x000000008bf00000| Untracked 
| 114|0x000000008c000000, 0x000000008c000000, 0x000000008c100000|  0%| F|  |TAMS 0x000000008c000000| PB 0x000000008c000000| Untracked 
| 115|0x000000008c100000, 0x000000008c100000, 0x000000008c200000|  0%| F|  |TAMS 0x000000008c100000| PB 0x000000008c100000| Untracked 
| 116|0x000000008c200000, 0x000000008c200000, 0x000000008c300000|  0%| F|  |TAMS 0x000000008c200000| PB 0x000000008c200000| Untracked 
| 117|0x000000008c300000, 0x000000008c3870e0, 0x000000008c400000| 52%| E|  |TAMS 0x000000008c300000| PB 0x000000008c300000| Complete 
| 118|0x000000008c400000, 0x000000008c500000, 0x000000008c500000|100%| E|CS|TAMS 0x000000008c400000| PB 0x000000008c400000| Complete 
| 119|0x000000008c500000, 0x000000008c600000, 0x000000008c600000|100%| E|CS|TAMS 0x000000008c500000| PB 0x000000008c500000| Complete 
| 120|0x000000008c600000, 0x000000008c700000, 0x000000008c700000|100%| E|  |TAMS 0x000000008c600000| PB 0x000000008c600000| Complete 
| 121|0x000000008c700000, 0x000000008c800000, 0x000000008c800000|100%| E|CS|TAMS 0x000000008c700000| PB 0x000000008c700000| Complete 
| 122|0x000000008c800000, 0x000000008c900000, 0x000000008c900000|100%| E|CS|TAMS 0x000000008c800000| PB 0x000000008c800000| Complete 
| 123|0x000000008c900000, 0x000000008ca00000, 0x000000008ca00000|100%| E|CS|TAMS 0x000000008c900000| PB 0x000000008c900000| Complete 

Card table byte_map: [0x000001bc247d0000,0x000001bc24bb0000] _byte_map_base: 0x000001bc243a9000

Marking Bits: (CMBitMap*) 0x000001bc1155c7b0
 Bits: [0x000001bc24bb0000, 0x000001bc26a78000)

Polling page: 0x000001bc0f300000

Metaspace:

Usage:
  Non-class:      9.21 MB used.
      Class:      1.09 MB used.
       Both:     10.30 MB used.

Virtual space:
  Non-class space:       64.00 MB reserved,       9.31 MB ( 15%) committed,  1 nodes.
      Class space:        1.00 GB reserved,       1.19 MB ( <1%) committed,  1 nodes.
             Both:        1.06 GB reserved,      10.50 MB ( <1%) committed. 

Chunk freelists:
   Non-Class:  6.40 MB
       Class:  14.73 MB
        Both:  21.13 MB

MaxMetaspaceSize: unlimited
CompressedClassSpaceSize: 1.00 GB
Initial GC threshold: 21.00 MB
Current GC threshold: 21.00 MB
CDS: on
 - commit_granule_bytes: 65536.
 - commit_granule_words: 8192.
 - virtual_space_node_default_size: 8388608.
 - enlarge_chunks_in_place: 1.
 - use_allocation_guard: 0.


Internal statistics:

num_allocs_failed_limit: 0.
num_arena_births: 98.
num_arena_deaths: 0.
num_vsnodes_births: 2.
num_vsnodes_deaths: 0.
num_space_committed: 168.
num_space_uncommitted: 0.
num_chunks_returned_to_freelist: 0.
num_chunks_taken_from_freelist: 175.
num_chunk_merges: 0.
num_chunk_splits: 109.
num_chunks_enlarged: 74.
num_inconsistent_stats: 0.

CodeHeap 'non-profiled nmethods': size=120000Kb used=514Kb max_used=514Kb free=119485Kb
 bounds [0x000001bc1c970000, 0x000001bc1cbe0000, 0x000001bc23ea0000]
CodeHeap 'profiled nmethods': size=120000Kb used=2849Kb max_used=2849Kb free=117150Kb
 bounds [0x000001bc14ea0000, 0x000001bc15170000, 0x000001bc1c3d0000]
CodeHeap 'non-nmethods': size=5760Kb used=1436Kb max_used=1444Kb free=4323Kb
 bounds [0x000001bc1c3d0000, 0x000001bc1c640000, 0x000001bc1c970000]
 total_blobs=2098 nmethods=1578 adapters=425
 compilation: enabled
              stopped_count=0, restarted_count=0
 full_count=0

Compilation events (20 events):
Event: 3.391 Thread 0x000001bc29731150 1585       2       sun.security.x509.X500Name::hashCode (8 bytes)
Event: 3.392 Thread 0x000001bc29731150 nmethod 1585 0x000001bc15163790 code [0x000001bc15163940, 0x000001bc15163a90]
Event: 3.392 Thread 0x000001bc29731150 1583   !   2       sun.security.x509.X500Name::asX500Principal (51 bytes)
Event: 3.392 Thread 0x000001bc29731150 nmethod 1583 0x000001bc15163b90 code [0x000001bc15163d80, 0x000001bc15164210]
Event: 3.392 Thread 0x000001bc29731150 1586       2       java.security.MessageDigestSpi::<init> (5 bytes)
Event: 3.393 Thread 0x000001bc29731150 nmethod 1586 0x000001bc15164490 code [0x000001bc15164620, 0x000001bc15164728]
Event: 3.393 Thread 0x000001bc29731150 1587       2       java.util.Collections$3::hasMoreElements (10 bytes)
Event: 3.393 Thread 0x000001bc29731150 nmethod 1587 0x000001bc15164790 code [0x000001bc15164940, 0x000001bc15164a78]
Event: 3.393 Thread 0x000001bc29731150 1588       2       java.util.Collections$3::nextElement (10 bytes)
Event: 3.393 Thread 0x000001bc29731150 nmethod 1588 0x000001bc15164b10 code [0x000001bc15164cc0, 0x000001bc15164df8]
Event: 3.393 Thread 0x000001bc29731150 1589       2       java.security.KeyStore::getCertificate (26 bytes)
Event: 3.394 Thread 0x000001bc29731150 nmethod 1589 0x000001bc15164e90 code [0x000001bc15165060, 0x000001bc15165218]
Event: 3.396 Thread 0x000001bc29731150 1590   !   2       java.util.HexFormat::formatOptDelimiter (280 bytes)
Event: 3.398 Thread 0x000001bc29731150 nmethod 1590 0x000001bc15165310 code [0x000001bc15165560, 0x000001bc15166018]
Event: 3.408 Thread 0x000001bc29731150 1591       2       java.lang.invoke.VarHandleGuards::guard_LI_J (78 bytes)
Event: 3.409 Thread 0x000001bc29731150 nmethod 1591 0x000001bc15166790 code [0x000001bc15166a40, 0x000001bc15167440]
Event: 3.409 Thread 0x000001bc29731150 1592       2       java.lang.invoke.VarHandleByteArrayAsLongs$ArrayHandle::get (36 bytes)
Event: 3.410 Thread 0x000001bc29731150 nmethod 1592 0x000001bc15167a10 code [0x000001bc15167bc0, 0x000001bc15167da0]
Event: 3.412 Thread 0x000001bc29731150 1594       3       java.lang.StringBuilder::append (8 bytes)
Event: 3.413 Thread 0x000001bc29731150 nmethod 1594 0x000001bc15167f10 code [0x000001bc151680c0, 0x000001bc15168210]

GC Heap History (2 events):
Event: 3.037 GC heap before
{Heap before GC invocations=0 (full 0):
 garbage-first heap   total 126976K, used 24576K [0x0000000084e00000, 0x0000000100000000)
  region size 1024K, 23 young (23552K), 0 survivors (0K)
 Metaspace       used 9398K, committed 9600K, reserved 1114112K
  class space    used 994K, committed 1088K, reserved 1048576K
}
Event: 3.055 GC heap after
{Heap after GC invocations=1 (full 0):
 garbage-first heap   total 126976K, used 9215K [0x0000000084e00000, 0x0000000100000000)
  region size 1024K, 3 young (3072K), 3 survivors (3072K)
 Metaspace       used 9398K, committed 9600K, reserved 1114112K
  class space    used 994K, committed 1088K, reserved 1048576K
}

Dll operation events (8 events):
Event: 0.054 Loaded shared library C:\Users\Aditya Mandal\.p2\pool\plugins\org.eclipse.justj.openjdk.hotspot.jre.full.win32.x86_64_21.0.7.v20250502-0916\jre\bin\java.dll
Event: 0.205 Loaded shared library C:\Users\Aditya Mandal\.p2\pool\plugins\org.eclipse.justj.openjdk.hotspot.jre.full.win32.x86_64_21.0.7.v20250502-0916\jre\bin\zip.dll
Event: 0.610 Loaded shared library C:\Users\Aditya Mandal\.p2\pool\plugins\org.eclipse.justj.openjdk.hotspot.jre.full.win32.x86_64_21.0.7.v20250502-0916\jre\bin\net.dll
Event: 0.632 Loaded shared library C:\Users\Aditya Mandal\.p2\pool\plugins\org.eclipse.justj.openjdk.hotspot.jre.full.win32.x86_64_21.0.7.v20250502-0916\jre\bin\nio.dll
Event: 0.652 Loaded shared library C:\Users\Aditya Mandal\.p2\pool\plugins\org.eclipse.justj.openjdk.hotspot.jre.full.win32.x86_64_21.0.7.v20250502-0916\jre\bin\zip.dll
Event: 1.155 Loaded shared library C:\Users\Aditya Mandal\.p2\pool\plugins\org.eclipse.justj.openjdk.hotspot.jre.full.win32.x86_64_21.0.7.v20250502-0916\jre\bin\jimage.dll
Event: 1.587 Loaded shared library C:\Users\Aditya Mandal\.p2\pool\plugins\org.eclipse.justj.openjdk.hotspot.jre.full.win32.x86_64_21.0.7.v20250502-0916\jre\bin\extnet.dll
Event: 1.885 Loaded shared library C:\Users\Aditya Mandal\.p2\pool\plugins\org.eclipse.justj.openjdk.hotspot.jre.full.win32.x86_64_21.0.7.v20250502-0916\jre\bin\sunmscapi.dll

Deoptimization events (20 events):
Event: 3.304 Thread 0x000001bc0f03eee0 Uncommon trap: trap_request=0xffffff45 fr.pc=0x000001bc1c9b9574 relative=0x0000000000000054
Event: 3.304 Thread 0x000001bc0f03eee0 Uncommon trap: reason=unstable_if action=reinterpret pc=0x000001bc1c9b9574 method=java.lang.CharacterData.of(I)Ljava/lang/CharacterData; @ 4 c2
Event: 3.304 Thread 0x000001bc0f03eee0 DEOPT PACKING pc=0x000001bc1c9b9574 sp=0x0000001f203fd5a0
Event: 3.304 Thread 0x000001bc0f03eee0 DEOPT UNPACKING pc=0x000001bc1c4246a2 sp=0x0000001f203fd540 mode 2
Event: 3.308 Thread 0x000001bc0f03eee0 Uncommon trap: trap_request=0xffffff45 fr.pc=0x000001bc1c97f6a0 relative=0x0000000000000080
Event: 3.308 Thread 0x000001bc0f03eee0 Uncommon trap: reason=unstable_if action=reinterpret pc=0x000001bc1c97f6a0 method=java.lang.CharacterDataLatin1.toLowerCase(I)I @ 23 c2
Event: 3.308 Thread 0x000001bc0f03eee0 DEOPT PACKING pc=0x000001bc1c97f6a0 sp=0x0000001f203fd5c0
Event: 3.308 Thread 0x000001bc0f03eee0 DEOPT UNPACKING pc=0x000001bc1c4246a2 sp=0x0000001f203fd540 mode 2
Event: 3.308 Thread 0x000001bc0f03eee0 Uncommon trap: trap_request=0xffffff45 fr.pc=0x000001bc1c9c5a10 relative=0x0000000000000630
Event: 3.308 Thread 0x000001bc0f03eee0 Uncommon trap: reason=unstable_if action=reinterpret pc=0x000001bc1c9c5a10 method=java.lang.String.substring(II)Ljava/lang/String; @ 31 c2
Event: 3.308 Thread 0x000001bc0f03eee0 DEOPT PACKING pc=0x000001bc1c9c5a10 sp=0x0000001f203fd490
Event: 3.308 Thread 0x000001bc0f03eee0 DEOPT UNPACKING pc=0x000001bc1c4246a2 sp=0x0000001f203fd460 mode 2
Event: 3.309 Thread 0x000001bc0f03eee0 Uncommon trap: trap_request=0xffffff45 fr.pc=0x000001bc1c9d4d94 relative=0x0000000000000734
Event: 3.309 Thread 0x000001bc0f03eee0 Uncommon trap: reason=unstable_if action=reinterpret pc=0x000001bc1c9d4d94 method=java.lang.CharacterDataLatin1.toLowerCase(I)I @ 23 c2
Event: 3.309 Thread 0x000001bc0f03eee0 DEOPT PACKING pc=0x000001bc1c9d4d94 sp=0x0000001f203fd5c0
Event: 3.309 Thread 0x000001bc0f03eee0 DEOPT UNPACKING pc=0x000001bc1c4246a2 sp=0x0000001f203fd4f0 mode 2
Event: 3.309 Thread 0x000001bc0f03eee0 Uncommon trap: trap_request=0xffffff45 fr.pc=0x000001bc1c9b7a0c relative=0x00000000000000ec
Event: 3.309 Thread 0x000001bc0f03eee0 Uncommon trap: reason=unstable_if action=reinterpret pc=0x000001bc1c9b7a0c method=java.lang.String.getBytes([BIB)V @ 5 c2
Event: 3.309 Thread 0x000001bc0f03eee0 DEOPT PACKING pc=0x000001bc1c9b7a0c sp=0x0000001f203fd6c0
Event: 3.309 Thread 0x000001bc0f03eee0 DEOPT UNPACKING pc=0x000001bc1c4246a2 sp=0x0000001f203fd688 mode 2

Classes loaded (20 events):
Event: 3.408 Loading class sun/security/ssl/Finished$FinishedMessage done
Event: 3.408 Loading class sun/security/ssl/Finished$VerifyDataScheme
Event: 3.408 Loading class sun/security/ssl/Finished$VerifyDataScheme done
Event: 3.408 Loading class sun/security/ssl/Finished$S30VerifyDataGenerator
Event: 3.408 Loading class sun/security/ssl/Finished$VerifyDataGenerator
Event: 3.409 Loading class sun/security/ssl/Finished$VerifyDataGenerator done
Event: 3.409 Loading class sun/security/ssl/Finished$S30VerifyDataGenerator done
Event: 3.409 Loading class sun/security/ssl/Finished$T10VerifyDataGenerator
Event: 3.409 Loading class sun/security/ssl/Finished$T10VerifyDataGenerator done
Event: 3.409 Loading class sun/security/ssl/Finished$T12VerifyDataGenerator
Event: 3.409 Loading class sun/security/ssl/Finished$T12VerifyDataGenerator done
Event: 3.409 Loading class sun/security/ssl/Finished$T13VerifyDataGenerator
Event: 3.409 Loading class sun/security/ssl/Finished$T13VerifyDataGenerator done
Event: 3.409 Loading class sun/security/ssl/Finished$1
Event: 3.409 Loading class sun/security/ssl/Finished$1 done
Event: 3.410 Loading class sun/security/ssl/SSLBasicKeyDerivation
Event: 3.410 Loading class sun/security/ssl/SSLBasicKeyDerivation done
Event: 3.410 Loading class sun/security/ssl/SSLBasicKeyDerivation$SecretSizeSpec
Event: 3.410 Loading class sun/security/ssl/SSLBasicKeyDerivation$SecretSizeSpec done
Event: 3.413 Loading class com/sun/crypto/provider/GaloisCounterMode$GCMEncrypt

Classes unloaded (0 events):
No events

Classes redefined (0 events):
No events

Internal exceptions (9 events):
Event: 1.111 Thread 0x000001bc0f03eee0 Exception <a 'java/lang/NoSuchMethodError'{0x000000008c470b58}: 'int java.lang.invoke.DirectMethodHandle$Holder.invokeSpecial(java.lang.Object, java.lang.Object, java.lang.Object)'> (0x000000008c470b58) 
thrown [s\src\hotspot\share\interpreter\linkResolver.cpp, line 773]
Event: 1.114 Thread 0x000001bc0f03eee0 Exception <a 'java/lang/NoSuchMethodError'{0x000000008c47b708}: 'void java.lang.invoke.DelegatingMethodHandle$Holder.reinvoke_L(java.lang.Object, java.lang.Object, int)'> (0x000000008c47b708) 
thrown [s\src\hotspot\share\interpreter\linkResolver.cpp, line 773]
Event: 1.115 Thread 0x000001bc0f03eee0 Exception <a 'java/lang/NoSuchMethodError'{0x000000008c4820a8}: 'int java.lang.invoke.Invokers$Holder.invokeExact_MT(java.lang.Object, java.lang.Object, java.lang.Object)'> (0x000000008c4820a8) 
thrown [s\src\hotspot\share\interpreter\linkResolver.cpp, line 773]
Event: 1.128 Thread 0x000001bc0f03eee0 Exception <a 'java/lang/NoSuchMethodError'{0x000000008c490d60}: 'void java.lang.invoke.Invokers$Holder.invokeExact_MT(java.lang.Object, java.lang.Object, java.lang.Object, java.lang.Object)'> (0x000000008c490d60) 
thrown [s\src\hotspot\share\interpreter\linkResolver.cpp, line 773]
Event: 1.593 Thread 0x000001bc0f03eee0 Exception <a 'java/lang/NoSuchMethodError'{0x000000008c154658}: 'void java.lang.invoke.DirectMethodHandle$Holder.invokeStatic(java.lang.Object, java.lang.Object)'> (0x000000008c154658) 
thrown [s\src\hotspot\share\interpreter\linkResolver.cpp, line 773]
Event: 2.011 Thread 0x000001bc0f03eee0 Exception <a 'sun/nio/fs/WindowsException'{0x000000008be1eef0}> (0x000000008be1eef0) 
thrown [s\src\hotspot\share\prims\jni.cpp, line 520]
Event: 2.161 Thread 0x000001bc0f03eee0 Exception <a 'java/lang/NoSuchMethodError'{0x000000008bd7a5c8}: 'void java.lang.invoke.DirectMethodHandle$Holder.invokeVirtual(java.lang.Object, java.lang.Object)'> (0x000000008bd7a5c8) 
thrown [s\src\hotspot\share\interpreter\linkResolver.cpp, line 773]
Event: 2.327 Thread 0x000001bc0f03eee0 Exception <a 'java/lang/NoSuchMethodError'{0x000000008b658200}: 'java.lang.Object java.lang.invoke.DirectMethodHandle$Holder.invokeStaticInit(java.lang.Object, int, int, int, int)'> (0x000000008b658200) 
thrown [s\src\hotspot\share\interpreter\linkResolver.cpp, line 773]
Event: 2.430 Thread 0x000001bc0f03eee0 Exception <a 'java/lang/NoSuchMethodError'{0x000000008b6ace98}: 'java.lang.Object java.lang.invoke.DirectMethodHandle$Holder.invokeStaticInit(java.lang.Object, java.lang.Object, int, int, int, int)'> (0x000000008b6ace98) 
thrown [s\src\hotspot\share\interpreter\linkResolver.cpp, line 773]

ZGC Phase Switch (0 events):
No events

VM Operations (20 events):
Event: 1.297 Executing VM operation: Cleanup done
Event: 1.319 Executing VM operation: HandshakeAllThreads (Deoptimize)
Event: 1.319 Executing VM operation: HandshakeAllThreads (Deoptimize) done
Event: 1.800 Executing VM operation: HandshakeAllThreads (Deoptimize)
Event: 1.800 Executing VM operation: HandshakeAllThreads (Deoptimize) done
Event: 2.508 Executing VM operation: HandshakeAllThreads (Deoptimize)
Event: 2.508 Executing VM operation: HandshakeAllThreads (Deoptimize) done
Event: 2.508 Executing VM operation: Cleanup
Event: 2.508 Executing VM operation: Cleanup done
Event: 2.824 Executing VM operation: HandshakeAllThreads (Deoptimize)
Event: 2.824 Executing VM operation: HandshakeAllThreads (Deoptimize) done
Event: 3.037 Executing VM operation: G1CollectForAllocation (G1 Evacuation Pause)
Event: 3.055 Executing VM operation: G1CollectForAllocation (G1 Evacuation Pause) done
Event: 3.291 Executing VM operation: HandshakeAllThreads (Deoptimize)
Event: 3.291 Executing VM operation: HandshakeAllThreads (Deoptimize) done
Event: 3.291 Executing VM operation: HandshakeAllThreads (Deoptimize)
Event: 3.291 Executing VM operation: HandshakeAllThreads (Deoptimize) done
Event: 3.305 Executing VM operation: HandshakeAllThreads (Deoptimize)
Event: 3.305 Executing VM operation: HandshakeAllThreads (Deoptimize) done
Event: 4.319 Executing VM operation: Cleanup

Memory protections (0 events):
No events

Nmethod flushes (0 events):
No events

Events (12 events):
Event: 0.147 Thread 0x000001bc0f03eee0 Thread added: 0x000001bc0f03eee0
Event: 0.212 Thread 0x000001bc0f03eee0 Thread added: 0x000001bc294eab40
Event: 0.213 Thread 0x000001bc0f03eee0 Thread added: 0x000001bc294ed1b0
Event: 0.214 Thread 0x000001bc0f03eee0 Thread added: 0x000001bc294f2a80
Event: 0.214 Thread 0x000001bc0f03eee0 Thread added: 0x000001bc294f23f0
Event: 0.215 Thread 0x000001bc0f03eee0 Thread added: 0x000001bc294f51e0
Event: 0.215 Thread 0x000001bc0f03eee0 Thread added: 0x000001bc294f5870
Event: 0.216 Thread 0x000001bc0f03eee0 Thread added: 0x000001bc2972ff40
Event: 0.216 Thread 0x000001bc0f03eee0 Thread added: 0x000001bc29731150
Event: 0.561 Thread 0x000001bc0f03eee0 Thread added: 0x000001bc294f3110
Event: 0.586 Thread 0x000001bc0f03eee0 Thread added: 0x000001bc294f4b50
Event: 1.616 Thread 0x000001bc0f03eee0 Thread added: 0x000001bc294f44c0


Dynamic libraries:
0x00007ff6da120000 - 0x00007ff6da12e000 	C:\Users\Aditya Mandal\.p2\pool\plugins\org.eclipse.justj.openjdk.hotspot.jre.full.win32.x86_64_21.0.7.v20250502-0916\jre\bin\javaw.exe
0x00007ffb80d40000 - 0x00007ffb80fa7000 	C:\WINDOWS\SYSTEM32\ntdll.dll
0x00007ffb7eae0000 - 0x00007ffb7eba9000 	C:\WINDOWS\System32\KERNEL32.DLL
0x00007ffb7e590000 - 0x00007ffb7e97f000 	C:\WINDOWS\System32\KERNELBASE.dll
0x00007ffb7e990000 - 0x00007ffb7eadb000 	C:\WINDOWS\System32\ucrtbase.dll
0x00007ffb56540000 - 0x00007ffb56558000 	C:\Users\Aditya Mandal\.p2\pool\plugins\org.eclipse.justj.openjdk.hotspot.jre.full.win32.x86_64_21.0.7.v20250502-0916\jre\bin\jli.dll
0x00007ffb7f070000 - 0x00007ffb7f235000 	C:\WINDOWS\System32\USER32.dll
0x00007ffb7e070000 - 0x00007ffb7e097000 	C:\WINDOWS\System32\win32u.dll
0x00007ffb5f310000 - 0x00007ffb5f5a3000 	C:\WINDOWS\WinSxS\amd64_microsoft.windows.common-controls_6595b64144ccf1df_6.0.26100.7309_none_3e05feeae336a044\COMCTL32.dll
0x00007ffb7f980000 - 0x00007ffb7f9ab000 	C:\WINDOWS\System32\GDI32.dll
0x00007ffb7df40000 - 0x00007ffb7e06c000 	C:\WINDOWS\System32\gdi32full.dll
0x00007ffb7f6d0000 - 0x00007ffb7f779000 	C:\WINDOWS\System32\msvcrt.dll
0x00007ffb7de90000 - 0x00007ffb7df33000 	C:\WINDOWS\System32\msvcp_win.dll
0x00007ffb54e10000 - 0x00007ffb54e2e000 	C:\Users\Aditya Mandal\.p2\pool\plugins\org.eclipse.justj.openjdk.hotspot.jre.full.win32.x86_64_21.0.7.v20250502-0916\jre\bin\VCRUNTIME140.dll
0x00007ffb7f4a0000 - 0x00007ffb7f4d1000 	C:\WINDOWS\System32\IMM32.DLL
0x00007ffb63be0000 - 0x00007ffb63bec000 	C:\Users\Aditya Mandal\.p2\pool\plugins\org.eclipse.justj.openjdk.hotspot.jre.full.win32.x86_64_21.0.7.v20250502-0916\jre\bin\vcruntime140_1.dll
0x00007ffb37560000 - 0x00007ffb375ed000 	C:\Users\Aditya Mandal\.p2\pool\plugins\org.eclipse.justj.openjdk.hotspot.jre.full.win32.x86_64_21.0.7.v20250502-0916\jre\bin\msvcp140.dll
0x00007ffa88c60000 - 0x00007ffa899f0000 	C:\Users\Aditya Mandal\.p2\pool\plugins\org.eclipse.justj.openjdk.hotspot.jre.full.win32.x86_64_21.0.7.v20250502-0916\jre\bin\server\jvm.dll
0x00007ffb7f3e0000 - 0x00007ffb7f494000 	C:\WINDOWS\System32\ADVAPI32.dll
0x00007ffb80290000 - 0x00007ffb80336000 	C:\WINDOWS\System32\sechost.dll
0x00007ffb80770000 - 0x00007ffb80888000 	C:\WINDOWS\System32\RPCRT4.dll
0x00007ffb7f9b0000 - 0x00007ffb7fa24000 	C:\WINDOWS\System32\WS2_32.dll
0x00007ffb7dcf0000 - 0x00007ffb7dd4e000 	C:\WINDOWS\SYSTEM32\POWRPROF.dll
0x00007ffb6a220000 - 0x00007ffb6a22b000 	C:\WINDOWS\SYSTEM32\VERSION.dll
0x00007ffb7b570000 - 0x00007ffb7b5a5000 	C:\WINDOWS\SYSTEM32\WINMM.dll
0x00007ffb7dcd0000 - 0x00007ffb7dce4000 	C:\WINDOWS\SYSTEM32\UMPDC.dll
0x00007ffb7cc40000 - 0x00007ffb7cc5b000 	C:\WINDOWS\SYSTEM32\kernel.appcore.dll
0x00007ffb6c9b0000 - 0x00007ffb6c9ba000 	C:\Users\Aditya Mandal\.p2\pool\plugins\org.eclipse.justj.openjdk.hotspot.jre.full.win32.x86_64_21.0.7.v20250502-0916\jre\bin\jimage.dll
0x00007ffb7b2a0000 - 0x00007ffb7b4e2000 	C:\WINDOWS\SYSTEM32\DBGHELP.DLL
0x00007ffb80950000 - 0x00007ffb80cd6000 	C:\WINDOWS\System32\combase.dll
0x00007ffb801a0000 - 0x00007ffb80276000 	C:\WINDOWS\System32\OLEAUT32.dll
0x00007ffb7b530000 - 0x00007ffb7b56c000 	C:\WINDOWS\SYSTEM32\dbgcore.DLL
0x00007ffb7e4e0000 - 0x00007ffb7e585000 	C:\WINDOWS\System32\bcryptPrimitives.dll
0x00007ffb6bf70000 - 0x00007ffb6bf8f000 	C:\Users\Aditya Mandal\.p2\pool\plugins\org.eclipse.justj.openjdk.hotspot.jre.full.win32.x86_64_21.0.7.v20250502-0916\jre\bin\java.dll
0x00007ffb7fa30000 - 0x00007ffb80183000 	C:\WINDOWS\System32\SHELL32.dll
0x00007ffb7e370000 - 0x00007ffb7e4da000 	C:\WINDOWS\System32\wintypes.dll
0x00007ffb7ba20000 - 0x00007ffb7c27e000 	C:\WINDOWS\SYSTEM32\windows.storage.dll
0x00007ffb7f780000 - 0x00007ffb7f875000 	C:\WINDOWS\System32\SHCORE.dll
0x00007ffb808e0000 - 0x00007ffb80946000 	C:\WINDOWS\System32\shlwapi.dll
0x00007ffb7ddb0000 - 0x00007ffb7ddd9000 	C:\WINDOWS\SYSTEM32\profapi.dll
0x00007ffb6bf00000 - 0x00007ffb6bf18000 	C:\Users\Aditya Mandal\.p2\pool\plugins\org.eclipse.justj.openjdk.hotspot.jre.full.win32.x86_64_21.0.7.v20250502-0916\jre\bin\zip.dll
0x00007ffb6c9a0000 - 0x00007ffb6c9b0000 	C:\Users\Aditya Mandal\.p2\pool\plugins\org.eclipse.justj.openjdk.hotspot.jre.full.win32.x86_64_21.0.7.v20250502-0916\jre\bin\net.dll
0x00007ffb72f60000 - 0x00007ffb73088000 	C:\WINDOWS\SYSTEM32\WINHTTP.dll
0x00007ffb7d1b0000 - 0x00007ffb7d21b000 	C:\WINDOWS\system32\mswsock.dll
0x00007ffb6bac0000 - 0x00007ffb6bad6000 	C:\Users\Aditya Mandal\.p2\pool\plugins\org.eclipse.justj.openjdk.hotspot.jre.full.win32.x86_64_21.0.7.v20250502-0916\jre\bin\nio.dll
0x00007ffb7c600000 - 0x00007ffb7c72c000 	C:\WINDOWS\SYSTEM32\DNSAPI.dll
0x00007ffb7c5c0000 - 0x00007ffb7c5f4000 	C:\WINDOWS\SYSTEM32\IPHLPAPI.DLL
0x00007ffb80280000 - 0x00007ffb8028a000 	C:\WINDOWS\System32\NSI.dll
0x00007ffb72780000 - 0x00007ffb7278b000 	C:\Windows\System32\rasadhlp.dll
0x00007ffb75120000 - 0x00007ffb751a6000 	C:\WINDOWS\System32\fwpuclnt.dll
0x00007ffb63300000 - 0x00007ffb63309000 	C:\Users\Aditya Mandal\.p2\pool\plugins\org.eclipse.justj.openjdk.hotspot.jre.full.win32.x86_64_21.0.7.v20250502-0916\jre\bin\extnet.dll
0x00007ffb6b700000 - 0x00007ffb6b70e000 	C:\Users\Aditya Mandal\.p2\pool\plugins\org.eclipse.justj.openjdk.hotspot.jre.full.win32.x86_64_21.0.7.v20250502-0916\jre\bin\sunmscapi.dll
0x00007ffb7e0a0000 - 0x00007ffb7e217000 	C:\WINDOWS\System32\CRYPT32.dll
0x00007ffb7d690000 - 0x00007ffb7d6c0000 	C:\WINDOWS\SYSTEM32\ncrypt.dll
0x00007ffb7d640000 - 0x00007ffb7d67f000 	C:\WINDOWS\SYSTEM32\NTASN1.dll
0x00007ffb7d470000 - 0x00007ffb7d48b000 	C:\WINDOWS\SYSTEM32\CRYPTSP.dll
0x00007ffb7cba0000 - 0x00007ffb7cbda000 	C:\WINDOWS\system32\rsaenh.dll
0x00007ffb7d260000 - 0x00007ffb7d28b000 	C:\WINDOWS\SYSTEM32\USERENV.dll
0x00007ffb7dd80000 - 0x00007ffb7ddaa000 	C:\WINDOWS\SYSTEM32\bcrypt.dll
0x00007ffb7d490000 - 0x00007ffb7d49c000 	C:\WINDOWS\SYSTEM32\CRYPTBASE.dll

dbghelp: loaded successfully - version: 4.0.5 - missing functions: none
symbol engine: initialized successfully - sym options: 0x614 - pdb path: .;C:\Users\Aditya Mandal\.p2\pool\plugins\org.eclipse.justj.openjdk.hotspot.jre.full.win32.x86_64_21.0.7.v20250502-0916\jre\bin;C:\WINDOWS\SYSTEM32;C:\WINDOWS\WinSxS\amd64_microsoft.windows.common-controls_6595b64144ccf1df_6.0.26100.7309_none_3e05feeae336a044;C:\Users\Aditya Mandal\.p2\pool\plugins\org.eclipse.justj.openjdk.hotspot.jre.full.win32.x86_64_21.0.7.v20250502-0916\jre\bin\server

VM Arguments:
jvm_args: -ea -Dfile.encoding=UTF-8 -Dstdout.encoding=UTF-8 -Dstderr.encoding=UTF-8 -XX:+ShowCodeDetailsInExceptionMessages 
java_command: org.testng.remote.RemoteTestNG -serport 52525 -protocol json -d C:\Users\Aditya Mandal\Downloads\SeleniumCucumberBDDFramework\test-output C:\Users\ADITYA~1\AppData\Local\Temp\testng-eclipse--819563635\testng-customsuite.xml
java_class_path (initial): C:\Users\Aditya Mandal\eclipse\jee-2025-03\eclipse\configuration\org.eclipse.osgi\1036\0\.cp\lib\testng-remote.jar;C:\Users\Aditya Mandal\Downloads\SeleniumCucumberBDDFramework\target\test-classes;C:\Users\Aditya Mandal\Downloads\SeleniumCucumberBDDFramework\target\classes;C:\Users\Aditya Mandal\.m2\repository\org\apache\poi\poi\3.6\poi-3.6.jar;C:\Users\Aditya Mandal\.m2\repository\commons-logging\commons-logging\1.1\commons-logging-1.1.jar;C:\Users\Aditya Mandal\.m2\repository\logkit\logkit\1.0.1\logkit-1.0.1.jar;C:\Users\Aditya Mandal\.m2\repository\avalon-framework\avalon-framework\4.1.3\avalon-framework-4.1.3.jar;C:\Users\Aditya Mandal\.m2\repository\javax\servlet\servlet-api\2.3\servlet-api-2.3.jar;C:\Users\Aditya Mandal\.m2\repository\log4j\log4j\1.2.13\log4j-1.2.13.jar;C:\Users\Aditya Mandal\.m2\repository\org\apache\poi\poi-ooxml\3.6\poi-ooxml-3.6.jar;C:\Users\Aditya Mandal\.m2\repository\org\apache\poi\poi-ooxml-schemas\3.6\poi-ooxml-schemas-3.6.jar;C:\Users\Aditya Mandal\.m2\repository\org\apache\geronimo\specs\geronimo-stax-api_1.0_spec\1.0\geronimo-stax-api_1.0_spec-1.0.jar;C:\Users\Aditya Mandal\.m2\repository\dom4j\dom4j\1.1\dom4j-1.1.jar;C:\Users\Aditya Mandal\.m2\repository\org\apache\xmlbeans\xmlbeans\2.3.0\xmlbeans-2.3.0.jar;C:\Users\Aditya Mandal\.m2\repository\stax\stax-api\1.0.1\stax-api-1.0.1.jar;C:\Users\Aditya Mandal\.m2\repository\com\googlecode\json-simple\json-simple\1.1.1\json-simple-1.1.1.jar;C:\Users\Aditya Mandal\.m2\repository\junit\junit\4.10\junit-4.10.jar;C:\Users\Aditya Mandal\.m2\repository\org\hamcrest\hamcrest-core\1.1\hamcrest-core-1.1.jar;C:\Users\Aditya Mandal\.m2\repository\com\google\code\gson\gson\2.8.2\gson-2.8.2.jar;C:\Users\Aditya Mandal\.m2\repository\org\seleniumhq\selenium\selenium-java\3.11.0\selenium-java-3.11.0.jar;C:\Users\Aditya Mandal\.m2\repository\org\seleniumhq\selenium\selenium-api\3.11.0\selenium-api-3.11.0.jar;C:\Users\Aditya Mandal\.m2\repository\org\seleniumhq\selenium\selenium-chrome-driver\3.11.0\selenium-chrome-driver-3.11.0.jar;C:\Users\Aditya Mandal\.m2\repository\org\seleniumhq\selenium\selenium-edge-driver\3.11.0\selenium-edge-driver-3.11.0.jar;C:\Users\Aditya Mandal\.m2\repository\org\seleniumhq\selenium\selenium-firefox-driver\3.11.0\selenium-firefox-driver-3.11.0.jar;C:\Users\Aditya Mandal\.m2\repository\org\seleniumhq\selenium\selenium-ie-driver\3.11.0\selenium-ie-driver-3.11.0.jar;C:\Users\Aditya Mandal\.m2\repository\org\seleniumhq\selenium\selenium-opera-driver\3.11.0\selenium-opera-driver-3.11.0.jar;C:\Users\Aditya Mandal\.m2\repository\org\seleniumhq\selenium\selenium-remote-driver\3.11.0\selenium-remote-driver-3.11.0.jar;C:\Users\Aditya Mandal\.m2\repository\org\seleniumhq\selenium\selenium-safari-driver\3.11.0\selenium-safari-driver-3.11.0.jar;C:\Users\Aditya Mandal\.m2\repository\org\seleniumhq\selenium\selenium-support\3.11.0\selenium-support-3.11.0.jar;C:\Users\Aditya Mandal\.m2\repository\net\bytebuddy\byte-buddy\1.7.9\byte-buddy-1.7.9.jar;C:\Users\Aditya Mandal\.m2\repository\org\apache\commons\commons-exec\1.3\commons-exec-1.3.jar;C:\Users\Aditya Mandal\.m2\repository\commons-codec\commons-codec\1.10\commons-codec-1.10.jar;C:\Users\Aditya Mandal\.m2\repository\com\google\guava\guava\23.6-jre\guava-23.6-jre.jar;C:\Users\Aditya Mandal\.m2\repository\com\google\code\findbugs\jsr305\1.3.9\jsr305-1.3.9.jar;C:\Users\Aditya Mandal\.m2\repository\org\checkerframework\checker-compat-qual\2.0.0\checker-compat-qual-2.0.0.jar;C:\Users\Aditya Mandal\.m2\repository\com\google\errorprone\error_prone_annotations\2.1.3\error_prone_annotations-2.1.3.jar;C:\Users\Aditya Mandal\.m2\repository\com\google\j2objc\j2objc-annotations\1.1\j2objc-annotations-1.1.jar;C:\Users\Aditya Mandal\.m2\repository\org\codehaus\mojo\animal-sniffer-annotations\1.14\animal-sniffer-annotations-1.14.jar;C:\Users\Aditya Mandal\.m2\repository\org\apache\httpcomponents\httpclient\4.5.3\httpclient-4.5.3.jar;C:\Users\Aditya Mandal\.m2\repository\org\apache\httpcomponents\httpcore\4.4.6\httpcore-4.4.6.jar;C:\Users\Aditya Mandal\.m2\repository\com\squareup\okhttp3\okhttp\3.9.1\okhttp-3.9.1.jar;C:\Users\Aditya Mandal\.m2\repository\com\squareup\okio\okio\1.13.0\okio-1.13.0.jar;C:\Users\Aditya Mandal\.m2\repository\org\testng\testng\6.14.3\testng-6.14.3.jar;C:\Users\Aditya Mandal\.m2\repository\com\beust\jcommander\1.72\jcommander-1.72.jar;C:\Users\Aditya Mandal\.m2\repository\org\apache-extras\beanshell\bsh\2.0b6\bsh-2.0b6.jar;C:\Users\Aditya Mandal\.m2\repository\com\codoid\products\fillo\1.16\fillo-1.16.jar;C:\Users\Aditya Mandal\.m2\repository\io\github\bonigarcia\webdrivermanager\3.0.0\webdrivermanager-3.0.0.jar;C:\Users\Aditya Mandal\.m2\repository\org\slf4j\slf4j-api\1.7.25\slf4j-api-1.7.25.jar;C:\Users\Aditya Mandal\.m2\repository\commons-io\commons-io\2.6\commons-io-2.6.jar;C:\Users\Aditya Mandal\.m2\repository\org\apache\commons\commons-lang3\3.7\commons-lang3-3.7.jar;C:\Users\Aditya Mandal\.m2\repository\org\rauschig\jarchivelib\0.8.0\jarchivelib-0.8.0.jar;C:\Users\Aditya Mandal\.m2\repository\org\apache\commons\commons-compress\1.14\commons-compress-1.14.jar;C:\Users\Aditya Mandal\.m2\repository\org\jsoup\jsoup\1.11.3\jsoup-1.11.3.jar;C:\Users\Aditya Mandal\.m2\repository\com\aventstack\extentreports\4.0.6\extentreports-4.0.6.jar;C:\Users\Aditya Mandal\.m2\repository\org\mongodb\mongodb-driver\3.3.0\mongodb-driver-3.3.0.jar;C:\Users\Aditya Mandal\.m2\repository\org\mongodb\mongodb-driver-core\3.3.0\mongodb-driver-core-3.3.0.jar;C:\Users\Aditya Mandal\.m2\repository\org\mongodb\bson\3.3.0\bson-3.3.0.jar;C:\Users\Aditya Mandal\.m2\repository\org\apache\httpcomponents\httpmime\4.5.2\httpmime-4.5.2.jar;C:\Users\Aditya Mandal\.m2\repository\org\freemarker\freemarker\2.3.23\freemarker-2.3.23.jar;C:\Users\Aditya Mandal\.m2\repository\io\cucumber\cucumber-java\4.2.0\cucumber-java-4.2.0.jar;C:\Users\Aditya Mandal\.m2\repository\io\cucumber\cucumber-core\4.2.0\cucumber-core-4.2.0.jar;C:\Users\Aditya Mandal\.m2\repository\io\cucumber\cucumber-html\0.2.7\cucumber-html-0.2.7.jar;C:\Users\Aditya Mandal\.m2\repository\io\cucumber\tag-expressions\1.1.1\tag-expressions-1.1.1.jar;C:\Users\Aditya Mandal\.m2\repository\io\cucumber\cucumber-expressions\6.2.0\cucumber-expressions-6.2.0.jar;C:\Users\Aditya Mandal\.m2\repository\io\cucumber\datatable\1.1.7\datatable-1.1.7.jar;C:\Users\Aditya Mandal\.m2\repository\io\cucumber\datatable-dependencies\1.1.7\datatable-dependencies-1.1.7.jar;C:\Users\Aditya Mandal\.m2\repository\io\cucumber\cucumber-testng\4.2.0\cucumber-testng-4.2.0.jar;C:\Users\Aditya Mandal\.m2\repository\io\cucumber\cucumber-picocontainer\4.2.0\cucumber-picocontainer-4.2.0.jar;C:\Users\Aditya Mandal\.m2\repository\io\cucumber\gherkin\5.1.0\gherkin-5.1.0.jar;C:\Users\Aditya Mandal\.m2\repository\org\picocontainer\picocontainer\2.15\picocontainer-2.15.jar;C:\Users\Aditya Mandal\.m2\repository\io\cucumber\cucumber-jvm-deps\1.0.6\cucumber-jvm-deps-1.0.6.jar
Launcher Type: SUN_STANDARD

[Global flags]
     intx CICompilerCount                          = 4                                         {product} {ergonomic}
     uint ConcGCThreads                            = 3                                         {product} {ergonomic}
     uint G1ConcRefinementThreads                  = 10                                        {product} {ergonomic}
   size_t G1HeapRegionSize                         = 1048576                                   {product} {ergonomic}
    uintx GCDrainStackTargetSize                   = 64                                        {product} {ergonomic}
   size_t InitialHeapSize                          = 130023424                                 {product} {ergonomic}
   size_t MarkStackSize                            = 4194304                                   {product} {ergonomic}
   size_t MaxHeapSize                              = 2065694720                                {product} {ergonomic}
   size_t MaxNewSize                               = 1239416832                                {product} {ergonomic}
   size_t MinHeapDeltaBytes                        = 1048576                                   {product} {ergonomic}
   size_t MinHeapSize                              = 8388608                                   {product} {ergonomic}
    uintx NonNMethodCodeHeapSize                   = 5839372                                {pd product} {ergonomic}
    uintx NonProfiledCodeHeapSize                  = 122909434                              {pd product} {ergonomic}
    uintx ProfiledCodeHeapSize                     = 122909434                              {pd product} {ergonomic}
    uintx ReservedCodeCacheSize                    = 251658240                              {pd product} {ergonomic}
     bool SegmentedCodeCache                       = true                                      {product} {ergonomic}
     bool ShowCodeDetailsInExceptionMessages       = true                                   {manageable} {command line}
   size_t SoftMaxHeapSize                          = 2065694720                             {manageable} {ergonomic}
     bool UseCompressedOops                        = true                           {product lp64_product} {ergonomic}
     bool UseG1GC                                  = true                                      {product} {ergonomic}
     bool UseLargePagesIndividualAllocation        = false                                  {pd product} {ergonomic}

Logging:
Log output configuration:
 #0: stdout all=warning uptime,level,tags foldmultilines=false
 #1: stderr all=off uptime,level,tags foldmultilines=false

Environment Variables:
JAVA_HOME=C:\Program Files\Java\jdk-24
PATH=C:/Users/Aditya Mandal/.p2/pool/plugins/org.eclipse.justj.openjdk.hotspot.jre.full.win32.x86_64_21.0.7.v20250502-0916/jre/bin/server;C:/Users/Aditya Mandal/.p2/pool/plugins/org.eclipse.justj.openjdk.hotspot.jre.full.win32.x86_64_21.0.7.v20250502-0916/jre/bin;C:\Program Files\Common Files\Oracle\Java\javapath;C:\WINDOWS\system32;C:\WINDOWS;C:\WINDOWS\System32\Wbem;C:\WINDOWS\System32\WindowsPowerShell\v1.0\;C:\WINDOWS\System32\OpenSSH\;C:\Program Files\dotnet\;C:\Program Files\Git\cmd;C:\Program Files\Java\jdk-24;C:\Program Files\Java\jdk-24\bin;C:\Users\Aditya Mandal\AppData\Local\Microsoft\WindowsApps;C:\Program Files\Java\jdk-24\bin;C:\Program Files\Java\jdk-24;;C:\WINDOWS\System32;
USERNAME=Aditya Mandal
OS=Windows_NT
PROCESSOR_IDENTIFIER=Intel64 Family 6 Model 154 Stepping 4, GenuineIntel
TMP=C:\Users\ADITYA~1\AppData\Local\Temp
TEMP=C:\Users\ADITYA~1\AppData\Local\Temp




Periodic native trim disabled

---------------  S Y S T E M  ---------------

OS:
 Windows 11 , 64 bit Build 26100 (10.0.26100.7623)
OS uptime: 21 days 14:47 hours
Hyper-V role detected

CPU: total 12 (initial active 12) (6 cores per cpu, 2 threads per core) family 6 model 154 stepping 4 microcode 0x437, cx8, cmov, fxsr, ht, mmx, 3dnowpref, sse, sse2, sse3, ssse3, sse4.1, sse4.2, popcnt, lzcnt, tsc, tscinvbit, avx, avx2, aes, erms, clmul, bmi1, bmi2, adx, sha, fma, vzeroupper, clflush, clflushopt, clwb, hv, serialize, rdtscp, rdpid, fsrm, f16c, cet_ibt, cet_ss
Processor Information for the first 12 processors :
  Max Mhz: 1300, Current Mhz: 1300, Mhz Limit: 1300

Memory: 4k page, system-wide physical 7876M (133M free)
TotalPageFile size 20876M (AvailPageFile size 4M)
current process WorkingSet (physical memory assigned to process): 107M, peak: 107M
current process commit charge ("private bytes"): 239M, peak: 240M

vm_info: OpenJDK 64-Bit Server VM (21.0.7+6-LTS) for windows-amd64 JRE (21.0.7+6-LTS), built on 2025-04-15T00:00:00Z by "admin" with MS VC++ 17.7 (VS2022)

END.
